Compile Report
Microchip Technology Inc. - Microchip Libero Software Release v2022.2 (Version 2022.2.0.10)
Date: Wed Aug 23 16:45:44 2023

Device Selection
+--------------------------------------------+--------------+
| Family                                     | PolarFireSoC |
| Device                                     | MPFS250T_ES  |
| Package                                    | FCVG484      |
| Speed Grade                                | STD          |
| Core Voltage                               | 1.05V        |
| Part Range                                 | EXT          |
| Default I/O technology                     | LVCMOS 1.8V  |
| FPGA Hardware Breakpoint Auto Instantation | Off          |
+--------------------------------------------+--------------+

Source Files
+---------+-----------------------------------------------------------------------+
| Topcell | MPFS_ICICLE_KIT_BASE_DESIGN                                           |
| Format  | Verilog                                                               |
| Source  | F:\MPFS_Projects\MPFS_ICICLE\synthesis\MPFS_ICICLE_KIT_BASE_DESIGN.vm |
+---------+-----------------------------------------------------------------------+

Options
+----------------------------------------------------+----+
| Limit the number of high fanout nets to display to | 10 |
+----------------------------------------------------+----+

Resource Usage
+---------------------------+-------+--------+------------+
| Type                      | Used  | Total  | Percentage |
+---------------------------+-------+--------+------------+
| 4LUT                      | 19940 | 254196 | 7.84       |
| DFF                       | 11158 | 254196 | 4.39       |
| I/O Register              | 0     | 432    | 0.00       |
| User I/O                  | 58    | 144    | 40.28      |
| -- Single-ended I/O       | 58    | 144    | 40.28      |
| -- Differential I/O Pairs | 0     | 72     | 0.00       |
| uSRAM                     | 123   | 2352   | 5.23       |
| LSRAM                     | 0     | 812    | 0.00       |
| Math                      | 16    | 784    | 2.04       |
| H-Chip Global             | 9     | 48     | 18.75      |
| PLL                       | 1     | 8      | 12.50      |
| DLL                       | 0     | 8      | 0.00       |
| CRN_INT                   | 1     | 24     | 4.17       |
| INIT                      | 1     | 1      | 100.00     |
| OSC_RC160MHZ              | 1     | 1      | 100.00     |
| DRI                       | 1     | 1      | 100.00     |
| Transceiver Lanes         | 4     | 4      | 100.00     |
| Transceiver PCIe          | 1     | 2      | 50.00      |
| TX_PLL                    | 1     | 11     | 9.09       |
| LINK                      | 1     | 10     | 10.00      |
| XCVR_REF_CLK              | 1     | 3      | 33.33      |
| PCIE_COMMON               | 1     | 1      | 100.00     |
| ICB_CLKDIV                | 1     | 24     | 4.17       |
| ICB_CLKINT                | 5     | 72     | 6.94       |
| NGMUX                     | 1     | 12     | 8.33       |
| ICB_INT                   | 1     | 12     | 8.33       |
| MSS                       | 1     | 1      | 100.00     |
| MSS I/O                   | 103   | 136    | 75.74      |
+---------------------------+-------+--------+------------+

Detailed Logic Resource Usage
+-----------------------+-------+-------+
| Type                  | 4LUT  | DFF   |
+-----------------------+-------+-------+
| Fabric Logic          | 17888 | 9106  |
| uSRAM Interface Logic | 1476  | 1476  |
| LSRAM Interface Logic | 0     | 0     |
| Math Interface Logic  | 576   | 576   |
| Total Used            | 19940 | 11158 |
+-----------------------+-------+-------+

Detailed Carry Chains Resource Usage
+--------+------+
| Length | Used |
| 6      | 7    |
| 7      | 9    |
| 8      | 13   |
| 9      | 6    |
| 10     | 1    |
| 11     | 14   |
| 13     | 2    |
| 14     | 10   |
| 16     | 1    |
| 22     | 4    |
| 23     | 13   |
| 24     | 16   |
| 28     | 4    |
| 30     | 2    |
| 31     | 2    |
| 32     | 2    |
| 47     | 4    |
| 49     | 4    |
| 51     | 4    |
| 53     | 4    |
| Total  | 122  |
+--------+------+

Detailed 4LUT Groups Resource Usage
+--------+------+
| Length | Used |
| 2      | 922  |
| 5      | 60   |
| 10     | 10   |
| Total  | 992  |
+--------+------+

Detailed Math Chains Resource Usage
+--------+------+
| Length | Used |
| 1      | 8    |
| 2      | 4    |
| Total  | 12   |
+--------+------+

I/O Function
+-------------------------------+--------------+-------------+-----------------+
| Type                          | w/o register | w/ register | w/ DDR register |
+-------------------------------+--------------+-------------+-----------------+
| Input I/O                     | 12           | 0           | 0               |
| Output I/O                    | 25           | 0           | 0               |
| Bidirectional I/O             | 21           | 0           | 0               |
| Differential Input I/O Pairs  | 0            | 0           | 0               |
| Differential Output I/O Pairs | 0            | 0           | 0               |
+-------------------------------+--------------+-------------+-----------------+

Nets assigned to chip global resources
+--------+---------+------------------------------------------------------------------------------------------------------------+
| Fanout | Type    | Name                                                                                                       |
+--------+---------+------------------------------------------------------------------------------------------------------------+
| 4311   | INT_NET | Net   : CLOCKS_AND_RESETS_FIC_0_CLK                                                                        |
|        |         | Driver: CLOCKS_AND_RESETS_inst_0/CCC_FIC_x_CLK/PF_CCC_C0_0/clkint_0/U0_RGB1                                |
|        |         | Source: NETLIST                                                                                            |
| 2966   | INT_NET | Net   : CLOCKS_AND_RESETS_FIC_3_CLK                                                                        |
|        |         | Driver: CLOCKS_AND_RESETS_inst_0/CCC_FIC_x_CLK/PF_CCC_C0_0/clkint_12/U0_RGB1                               |
|        |         | Source: NETLIST                                                                                            |
| 2170   | INT_NET | Net   : CLOCKS_AND_RESETS_FIC_1_CLK                                                                        |
|        |         | Driver: CLOCKS_AND_RESETS_inst_0/CCC_FIC_x_CLK/PF_CCC_C0_0/clkint_4/U0_RGB1                                |
|        |         | Source: NETLIST                                                                                            |
| 1910   | INT_NET | Net   : FIC_0_PERIPHERALS_1/FIC0_INITIATOR_inst_0/FIC0_INITIATOR_0/sysReset_arst                           |
|        |         | Driver: FIC_0_PERIPHERALS_1/FIC0_INITIATOR_inst_0/FIC0_INITIATOR_0/arst_aclk_sync/sysReset_RNISJ65/U0_RGB1 |
|        |         | Source: NETLIST                                                                                            |
| 1112   | INT_NET | Net   : FIC_1_PERIPHERALS_1/FIC_1_INITIATOR_0/FIC_1_INITIATOR_0/sysReset_arst                              |
|        |         | Driver: FIC_1_PERIPHERALS_1/FIC_1_INITIATOR_0/FIC_1_INITIATOR_0/arst_aclk_sync/sysReset_RNI0DTB/U0_RGB1    |
|        |         | Source: NETLIST                                                                                            |
| 1020   | INT_NET | Net   : FIC_1_PERIPHERALS_1/PCIE_INITIATOR_inst_0/PCIE_INITIATOR_0/sysReset_arst                           |
|        |         | Driver: FIC_1_PERIPHERALS_1/PCIE_INITIATOR_inst_0/PCIE_INITIATOR_0/arst_aclk_sync/sysReset_RNI0DTB/U0_RGB1 |
|        |         | Source: NETLIST                                                                                            |
| 1      | INT_NET | Net   : CLOCKS_AND_RESETS_inst_0/CLKINT_REF_CLK_50MHz_Y                                                    |
|        |         | Driver: CLOCKS_AND_RESETS_inst_0/CLKINT_REF_CLK_50MHz/U0_RGB1                                              |
|        |         | Source: NETLIST                                                                                            |
| 1      | INT_NET | Net   : CLOCKS_AND_RESETS_PCIe_CLK_125MHz                                                                  |
|        |         | Driver: CLOCKS_AND_RESETS_inst_0/GLITCHLESS_MUX_inst_0/GLITCHLESS_MUX_0/I_CLKINT/U0_RGB1                   |
|        |         | Source: NETLIST                                                                                            |
| 1      | INT_NET | Net   : CLOCKS_AND_RESETS_FIC_2_CLK                                                                        |
|        |         | Driver: CLOCKS_AND_RESETS_inst_0/CCC_FIC_x_CLK/PF_CCC_C0_0/clkint_8/U0_RGB1                                |
|        |         | Source: NETLIST                                                                                            |
+--------+---------+------------------------------------------------------------------------------------------------------------+

Nets assigned to row global resources
+--------+------+------+
| Fanout | Type | Name |
+--------+------+------+
+--------+------+------+

High fanout nets
+--------+---------+--------------------------------------------------------------------------------------------------+
| Fanout | Type    | Name                                                                                             |
+--------+---------+--------------------------------------------------------------------------------------------------+
| 1609   | INT_NET | Net   : CLOCKS_AND_RESETS_RESETN_FIC_0_CLK                                                       |
|        |         | Driver: CLOCKS_AND_RESETS_inst_0/RESET_FIC_0_CLK/CORERESET_0/dff_15                              |
| 968    | INT_NET | Net   : FIC_0_PERIPHERALS_1/Core_Poly_0/N_2277_i                                                 |
|        |         | Driver: FIC_0_PERIPHERALS_1/Core_Poly_0/address_generator_0/N_2277_i                             |
| 706    | INT_NET | Net   : CLOCKS_AND_RESETS_inst_0_RESET_FIC_3_CLK_CORERESET_0_dff                                 |
|        |         | Driver: CLOCKS_AND_RESETS_inst_0/RESET_FIC_3_CLK/CORERESET_0/dff_15                              |
| 570    | INT_NET | Net   : FIC_3_PERIPHERALS_1/IHC_SUBSYSTEM_0/CHANNEL_E51_TO_U54_1_amp_miv_ihcc_ctrl_A_SEL[1]      |
|        |         | Driver: FIC_3_PERIPHERALS_1/IHC_SUBSYSTEM_0/CHANNEL_E51_TO_U54_1/amp_miv_ihcc_ctrl/A_SEL_Z[1]    |
| 376    | INT_NET | Net   : FIC_0_PERIPHERALS_1/Core_Poly_0/ntt_l[1]                                                 |
|        |         | Driver: FIC_0_PERIPHERALS_1/Core_Poly_0/address_generator_0/delay_3/gen_delay_3_.level_buf_4__1_ |
| 375    | INT_NET | Net   : FIC_0_PERIPHERALS_1/Core_Poly_0/address_generator_0/N_189_i                              |
|        |         | Driver: FIC_0_PERIPHERALS_1/Core_Poly_0/address_generator_0/un1_CS_9_i_a2_0_a4                   |
| 365    | INT_NET | Net   : FIC_0_PERIPHERALS_1/Core_Poly_0/poly_mul_0/mult_half_4_un9_dout_0                        |
|        |         | Driver: FIC_0_PERIPHERALS_1/Core_Poly_0/poly_mul_0/add_rd_3/t08                                  |
| 342    | INT_NET | Net   : FIC_0_PERIPHERALS_1/Core_Poly_0/tf_address[2]                                            |
|        |         | Driver: FIC_0_PERIPHERALS_1/Core_Poly_0/address_generator_0/delay_2/gen_delay_2_.level_buf_3__2_ |
| 313    | INT_NET | Net   : FIC_3_PERIPHERALS_1/IHC_SUBSYSTEM_0/CHANNEL_E51_TO_U54_1_amp_miv_ihcc_ctrl_A_SEL[0]      |
|        |         | Driver: FIC_3_PERIPHERALS_1/IHC_SUBSYSTEM_0/CHANNEL_E51_TO_U54_1/amp_miv_ihcc_ctrl/A_SEL_Z[0]    |
| 304    | INT_NET | Net   : FIC_0_PERIPHERALS_1/Core_Poly_0/tf_address[0]                                            |
|        |         | Driver: FIC_0_PERIPHERALS_1/Core_Poly_0/address_generator_0/delay_2/gen_delay_2_.level_buf_3__0_ |
+--------+---------+--------------------------------------------------------------------------------------------------+

High fanout nets (through buffer trees)
+--------+---------+--------------------------------------------------------------------------------------------------+
| Fanout | Type    | Name                                                                                             |
+--------+---------+--------------------------------------------------------------------------------------------------+
| 1609   | INT_NET | Net   : CLOCKS_AND_RESETS_RESETN_FIC_0_CLK                                                       |
|        |         | Driver: CLOCKS_AND_RESETS_inst_0/RESET_FIC_0_CLK/CORERESET_0/dff_15                              |
| 968    | INT_NET | Net   : FIC_0_PERIPHERALS_1/Core_Poly_0/N_2277_i                                                 |
|        |         | Driver: FIC_0_PERIPHERALS_1/Core_Poly_0/address_generator_0/N_2277_i                             |
| 706    | INT_NET | Net   : CLOCKS_AND_RESETS_inst_0_RESET_FIC_3_CLK_CORERESET_0_dff                                 |
|        |         | Driver: CLOCKS_AND_RESETS_inst_0/RESET_FIC_3_CLK/CORERESET_0/dff_15                              |
| 570    | INT_NET | Net   : FIC_3_PERIPHERALS_1/IHC_SUBSYSTEM_0/CHANNEL_E51_TO_U54_1_amp_miv_ihcc_ctrl_A_SEL[1]      |
|        |         | Driver: FIC_3_PERIPHERALS_1/IHC_SUBSYSTEM_0/CHANNEL_E51_TO_U54_1/amp_miv_ihcc_ctrl/A_SEL_Z[1]    |
| 376    | INT_NET | Net   : FIC_0_PERIPHERALS_1/Core_Poly_0/ntt_l[1]                                                 |
|        |         | Driver: FIC_0_PERIPHERALS_1/Core_Poly_0/address_generator_0/delay_3/gen_delay_3_.level_buf_4__1_ |
| 375    | INT_NET | Net   : FIC_0_PERIPHERALS_1/Core_Poly_0/address_generator_0/N_189_i                              |
|        |         | Driver: FIC_0_PERIPHERALS_1/Core_Poly_0/address_generator_0/un1_CS_9_i_a2_0_a4                   |
| 365    | INT_NET | Net   : FIC_0_PERIPHERALS_1/Core_Poly_0/poly_mul_0/mult_half_4_un9_dout_0                        |
|        |         | Driver: FIC_0_PERIPHERALS_1/Core_Poly_0/poly_mul_0/add_rd_3/t08                                  |
| 342    | INT_NET | Net   : FIC_0_PERIPHERALS_1/Core_Poly_0/tf_address[2]                                            |
|        |         | Driver: FIC_0_PERIPHERALS_1/Core_Poly_0/address_generator_0/delay_2/gen_delay_2_.level_buf_3__2_ |
| 313    | INT_NET | Net   : FIC_3_PERIPHERALS_1/IHC_SUBSYSTEM_0/CHANNEL_E51_TO_U54_1_amp_miv_ihcc_ctrl_A_SEL[0]      |
|        |         | Driver: FIC_3_PERIPHERALS_1/IHC_SUBSYSTEM_0/CHANNEL_E51_TO_U54_1/amp_miv_ihcc_ctrl/A_SEL_Z[0]    |
| 304    | INT_NET | Net   : FIC_0_PERIPHERALS_1/Core_Poly_0/tf_address[0]                                            |
|        |         | Driver: FIC_0_PERIPHERALS_1/Core_Poly_0/address_generator_0/delay_2/gen_delay_2_.level_buf_3__0_ |
+--------+---------+--------------------------------------------------------------------------------------------------+

