Compile Report
Microchip Technology Inc. - Microchip Libero Software Release v2022.2 (Version 2022.2.0.10)
Date: Mon May 15 12:43:13 2023

Device Selection
+--------------------------------------------+--------------+
| Family                                     | PolarFireSoC |
| Device                                     | MPFS250T_ES  |
| Package                                    | FCVG484      |
| Speed Grade                                | STD          |
| Core Voltage                               | 1.05V        |
| Part Range                                 | EXT          |
| Default I/O technology                     | LVCMOS 1.8V  |
| FPGA Hardware Breakpoint Auto Instantation | Off          |
+--------------------------------------------+--------------+

Source Files
+---------+------------------------------------------------+
| Topcell | mont                                           |
| Format  | Verilog                                        |
| Source  | F:\MPFS_Projects\MPFS_ICICLE\synthesis\mont.vm |
+---------+------------------------------------------------+

Options
+----------------------------------------------------+----+
| Limit the number of high fanout nets to display to | 10 |
+----------------------------------------------------+----+

Resource Usage
+---------------------------+------+--------+------------+
| Type                      | Used | Total  | Percentage |
+---------------------------+------+--------+------------+
| 4LUT                      | 590  | 254196 | 0.23       |
| DFF                       | 475  | 254196 | 0.19       |
| I/O Register              | 0    | 432    | 0.00       |
| User I/O                  | 70   | 144    | 48.61      |
| -- Single-ended I/O       | 70   | 144    | 48.61      |
| -- Differential I/O Pairs | 0    | 72     | 0.00       |
| uSRAM                     | 0    | 2352   | 0.00       |
| LSRAM                     | 0    | 812    | 0.00       |
| Math                      | 10   | 784    | 1.28       |
| H-Chip Global             | 1    | 48     | 2.08       |
| PLL                       | 0    | 8      | 0.00       |
| DLL                       | 0    | 8      | 0.00       |
| Transceiver Lanes         | 0    | 4      | 0.00       |
| Transceiver PCIe          | 0    | 2      | 0.00       |
| MSS                       | 0    | 1      | 0.00       |
+---------------------------+------+--------+------------+

Detailed Logic Resource Usage
+-----------------------+------+-----+
| Type                  | 4LUT | DFF |
+-----------------------+------+-----+
| Fabric Logic          | 230  | 115 |
| uSRAM Interface Logic | 0    | 0   |
| LSRAM Interface Logic | 0    | 0   |
| Math Interface Logic  | 360  | 360 |
| Total Used            | 590  | 475 |
+-----------------------+------+-----+

Detailed Carry Chains Resource Usage
+--------+------+
| Length | Used |
| 13     | 1    |
| 23     | 1    |
| 25     | 1    |
| 27     | 1    |
| 33     | 1    |
| 34     | 1    |
| 46     | 1    |
| Total  | 7    |
+--------+------+

Detailed Math Chains Resource Usage
+--------+------+
| Length | Used |
| 1      | 3    |
| 3      | 1    |
| 4      | 1    |
| Total  | 5    |
+--------+------+

I/O Function
+-------------------------------+--------------+-------------+-----------------+
| Type                          | w/o register | w/ register | w/ DDR register |
+-------------------------------+--------------+-------------+-----------------+
| Input I/O                     | 47           | 0           | 0               |
| Output I/O                    | 23           | 0           | 0               |
| Bidirectional I/O             | 0            | 0           | 0               |
| Differential Input I/O Pairs  | 0            | 0           | 0               |
| Differential Output I/O Pairs | 0            | 0           | 0               |
+-------------------------------+--------------+-------------+-----------------+

Nets assigned to chip global resources
+--------+---------+---------------------+
| Fanout | Type    | Name                |
+--------+---------+---------------------+
| 118    | INT_NET | Net   : NN_1        |
|        |         | Driver: I_1/U0_RGB1 |
|        |         | Source: NETLIST     |
+--------+---------+---------------------+

Nets assigned to row global resources
+--------+------+------+
| Fanout | Type | Name |
+--------+------+------+
+--------+------+------+

High fanout nets
+--------+---------+--------------------------------------------------+
| Fanout | Type    | Name                                             |
+--------+---------+--------------------------------------------------+
| 13     | INT_NET | Net   : un3_clto22_5_Z                           |
|        |         | Driver: un3_clto22_5                             |
| 13     | INT_NET | Net   : un3_clto22_6_Z                           |
|        |         | Driver: un3_clto22_6                             |
| 13     | INT_NET | Net   : un3_clto22_7_Z                           |
|        |         | Driver: un3_clto22_7                             |
| 3      | INT_NET | Net   : albl_mult[13]                            |
|        |         | Driver: albl_mult_mulonly_0[23:0]/MACC_PHYS_INST |
| 3      | INT_NET | Net   : m_Z[16]                                  |
|        |         | Driver: m[16]                                    |
| 3      | INT_NET | Net   : m_Z[15]                                  |
|        |         | Driver: m[15]                                    |
| 3      | INT_NET | Net   : m_Z[14]                                  |
|        |         | Driver: m[14]                                    |
| 3      | INT_NET | Net   : m_Z[13]                                  |
|        |         | Driver: m[13]                                    |
| 3      | INT_NET | Net   : m_Z[12]                                  |
|        |         | Driver: m[12]                                    |
| 3      | INT_NET | Net   : m_Z[11]                                  |
|        |         | Driver: m[11]                                    |
+--------+---------+--------------------------------------------------+

High fanout nets (through buffer trees)
+--------+---------+--------------------------------------------------+
| Fanout | Type    | Name                                             |
+--------+---------+--------------------------------------------------+
| 13     | INT_NET | Net   : un3_clto22_5_Z                           |
|        |         | Driver: un3_clto22_5                             |
| 13     | INT_NET | Net   : un3_clto22_6_Z                           |
|        |         | Driver: un3_clto22_6                             |
| 13     | INT_NET | Net   : un3_clto22_7_Z                           |
|        |         | Driver: un3_clto22_7                             |
| 3      | INT_NET | Net   : albl_mult[13]                            |
|        |         | Driver: albl_mult_mulonly_0[23:0]/MACC_PHYS_INST |
| 3      | INT_NET | Net   : m_Z[16]                                  |
|        |         | Driver: m[16]                                    |
| 3      | INT_NET | Net   : m_Z[15]                                  |
|        |         | Driver: m[15]                                    |
| 3      | INT_NET | Net   : m_Z[14]                                  |
|        |         | Driver: m[14]                                    |
| 3      | INT_NET | Net   : m_Z[13]                                  |
|        |         | Driver: m[13]                                    |
| 3      | INT_NET | Net   : m_Z[12]                                  |
|        |         | Driver: m[12]                                    |
| 3      | INT_NET | Net   : m_Z[11]                                  |
|        |         | Driver: m[11]                                    |
+--------+---------+--------------------------------------------------+

