
Copyright (C) 1994-2021 Synopsys, Inc.
This Synopsys software and all associated documentation are proprietary to Synopsys, Inc.
and may only be used pursuant to the terms and conditions of a written license agreement
with Synopsys, Inc. All other use, reproduction, modification, or distribution of the
Synopsys software or the associated documentation is strictly prohibited.
Tool: Synplify Pro (R)
Build: S-2021.09M-SP1
Install: D:\Microchip\Libero_SoC_v2022.2\SynplifyPro
OS: Windows 10 or later
Hostname: DESKTOP-DD7N7QM

Implementation : synthesis
Synopsys HDL compiler and linker, Version comp202109synp2, Build 152R, Built Jun 14 2022 11:35:28, @

Modified Files: 3
FID:  path (prevtimestamp, timestamp)
87       F:\MPFS_Projects\MPFS_ICICLE\component\polarfire_syn_comps.v (2023-08-08 16:39:11, 2023-09-12 21:37:45)
119      F:\MPFS_Projects\MPFS_ICICLE\component\work\PF_CCC_C0\PF_CCC_C0.v (2023-08-08 15:50:08, 2023-09-12 21:36:36)
120      F:\MPFS_Projects\MPFS_ICICLE\component\work\PF_CCC_C0\PF_CCC_C0_0\PF_CCC_C0_PF_CCC_C0_0_PF_CCC.v (2023-08-08 15:50:08, 2023-09-12 21:36:36)

*******************************************************************
Modules that may have changed as a result of file changes: 73
MID:  lib.cell.view
3        work.APBM.verilog may have changed because the following files changed:
                        F:\MPFS_Projects\MPFS_ICICLE\component\polarfire_syn_comps.v (2023-08-08 16:39:11, 2023-09-12 21:37:45) <-- (module definition)
                        F:\MPFS_Projects\MPFS_ICICLE\component\work\PF_CCC_C0\PF_CCC_C0.v (2023-08-08 15:50:08, 2023-09-12 21:36:36) <-- (may instantiate this module)
                        F:\MPFS_Projects\MPFS_ICICLE\component\work\PF_CCC_C0\PF_CCC_C0_0\PF_CCC_C0_PF_CCC_C0_0_PF_CCC.v (2023-08-08 15:50:08, 2023-09-12 21:36:36) <-- (may instantiate this module)
4        work.APBS.verilog may have changed because the following files changed:
                        F:\MPFS_Projects\MPFS_ICICLE\component\polarfire_syn_comps.v (2023-08-08 16:39:11, 2023-09-12 21:37:45) <-- (module definition)
                        F:\MPFS_Projects\MPFS_ICICLE\component\work\PF_CCC_C0\PF_CCC_C0.v (2023-08-08 15:50:08, 2023-09-12 21:36:36) <-- (may instantiate this module)
                        F:\MPFS_Projects\MPFS_ICICLE\component\work\PF_CCC_C0\PF_CCC_C0_0\PF_CCC_C0_PF_CCC_C0_0_PF_CCC.v (2023-08-08 15:50:08, 2023-09-12 21:36:36) <-- (may instantiate this module)
8        work.BANKCTRLM.verilog may have changed because the following files changed:
                        F:\MPFS_Projects\MPFS_ICICLE\component\polarfire_syn_comps.v (2023-08-08 16:39:11, 2023-09-12 21:37:45) <-- (module definition)
                        F:\MPFS_Projects\MPFS_ICICLE\component\work\PF_CCC_C0\PF_CCC_C0.v (2023-08-08 15:50:08, 2023-09-12 21:36:36) <-- (may instantiate this module)
                        F:\MPFS_Projects\MPFS_ICICLE\component\work\PF_CCC_C0\PF_CCC_C0_0\PF_CCC_C0_PF_CCC_C0_0_PF_CCC.v (2023-08-08 15:50:08, 2023-09-12 21:36:36) <-- (may instantiate this module)
9        work.BANKCTRL_GPIO.verilog may have changed because the following files changed:
                        F:\MPFS_Projects\MPFS_ICICLE\component\polarfire_syn_comps.v (2023-08-08 16:39:11, 2023-09-12 21:37:45) <-- (module definition)
                        F:\MPFS_Projects\MPFS_ICICLE\component\work\PF_CCC_C0\PF_CCC_C0.v (2023-08-08 15:50:08, 2023-09-12 21:36:36) <-- (may instantiate this module)
                        F:\MPFS_Projects\MPFS_ICICLE\component\work\PF_CCC_C0\PF_CCC_C0_0\PF_CCC_C0_PF_CCC_C0_0_PF_CCC.v (2023-08-08 15:50:08, 2023-09-12 21:36:36) <-- (may instantiate this module)
10       work.BANKCTRL_HSIO.verilog may have changed because the following files changed:
                        F:\MPFS_Projects\MPFS_ICICLE\component\polarfire_syn_comps.v (2023-08-08 16:39:11, 2023-09-12 21:37:45) <-- (module definition)
                        F:\MPFS_Projects\MPFS_ICICLE\component\work\PF_CCC_C0\PF_CCC_C0.v (2023-08-08 15:50:08, 2023-09-12 21:36:36) <-- (may instantiate this module)
                        F:\MPFS_Projects\MPFS_ICICLE\component\work\PF_CCC_C0\PF_CCC_C0_0\PF_CCC_C0_PF_CCC_C0_0_PF_CCC.v (2023-08-08 15:50:08, 2023-09-12 21:36:36) <-- (may instantiate this module)
11       work.BANKEN.verilog may have changed because the following files changed:
                        F:\MPFS_Projects\MPFS_ICICLE\component\polarfire_syn_comps.v (2023-08-08 16:39:11, 2023-09-12 21:37:45) <-- (module definition)
                        F:\MPFS_Projects\MPFS_ICICLE\component\work\PF_CCC_C0\PF_CCC_C0.v (2023-08-08 15:50:08, 2023-09-12 21:36:36) <-- (may instantiate this module)
                        F:\MPFS_Projects\MPFS_ICICLE\component\work\PF_CCC_C0\PF_CCC_C0_0\PF_CCC_C0_PF_CCC_C0_0_PF_CCC.v (2023-08-08 15:50:08, 2023-09-12 21:36:36) <-- (may instantiate this module)
12       work.CLKBUF_DIFF.verilog may have changed because the following files changed:
                        F:\MPFS_Projects\MPFS_ICICLE\component\polarfire_syn_comps.v (2023-08-08 16:39:11, 2023-09-12 21:37:45) <-- (module definition)
                        F:\MPFS_Projects\MPFS_ICICLE\component\work\PF_CCC_C0\PF_CCC_C0.v (2023-08-08 15:50:08, 2023-09-12 21:36:36) <-- (may instantiate this module)
                        F:\MPFS_Projects\MPFS_ICICLE\component\work\PF_CCC_C0\PF_CCC_C0_0\PF_CCC_C0_PF_CCC_C0_0_PF_CCC.v (2023-08-08 15:50:08, 2023-09-12 21:36:36) <-- (may instantiate this module)
13       work.CLKBUF_DIFF_ODT.verilog may have changed because the following files changed:
                        F:\MPFS_Projects\MPFS_ICICLE\component\polarfire_syn_comps.v (2023-08-08 16:39:11, 2023-09-12 21:37:45) <-- (module definition)
                        F:\MPFS_Projects\MPFS_ICICLE\component\work\PF_CCC_C0\PF_CCC_C0.v (2023-08-08 15:50:08, 2023-09-12 21:36:36) <-- (may instantiate this module)
                        F:\MPFS_Projects\MPFS_ICICLE\component\work\PF_CCC_C0\PF_CCC_C0_0\PF_CCC_C0_PF_CCC_C0_0_PF_CCC.v (2023-08-08 15:50:08, 2023-09-12 21:36:36) <-- (may instantiate this module)
18       work.CORELNKTMR_V.verilog may have changed because the following files changed:
                        F:\MPFS_Projects\MPFS_ICICLE\component\polarfire_syn_comps.v (2023-08-08 16:39:11, 2023-09-12 21:37:45) <-- (module definition)
                        F:\MPFS_Projects\MPFS_ICICLE\component\work\PF_CCC_C0\PF_CCC_C0.v (2023-08-08 15:50:08, 2023-09-12 21:36:36) <-- (may instantiate this module)
                        F:\MPFS_Projects\MPFS_ICICLE\component\work\PF_CCC_C0\PF_CCC_C0_0\PF_CCC_C0_PF_CCC_C0_0_PF_CCC.v (2023-08-08 15:50:08, 2023-09-12 21:36:36) <-- (may instantiate this module)
21       work.CRN_COMMON.verilog may have changed because the following files changed:
                        F:\MPFS_Projects\MPFS_ICICLE\component\polarfire_syn_comps.v (2023-08-08 16:39:11, 2023-09-12 21:37:45) <-- (module definition)
                        F:\MPFS_Projects\MPFS_ICICLE\component\work\PF_CCC_C0\PF_CCC_C0.v (2023-08-08 15:50:08, 2023-09-12 21:36:36) <-- (may instantiate this module)
                        F:\MPFS_Projects\MPFS_ICICLE\component\work\PF_CCC_C0\PF_CCC_C0_0\PF_CCC_C0_PF_CCC_C0_0_PF_CCC.v (2023-08-08 15:50:08, 2023-09-12 21:36:36) <-- (may instantiate this module)
22       work.CRN_INT.verilog may have changed because the following files changed:
                        F:\MPFS_Projects\MPFS_ICICLE\component\polarfire_syn_comps.v (2023-08-08 16:39:11, 2023-09-12 21:37:45) <-- (module definition)
                        F:\MPFS_Projects\MPFS_ICICLE\component\work\PF_CCC_C0\PF_CCC_C0.v (2023-08-08 15:50:08, 2023-09-12 21:36:36) <-- (may instantiate this module)
                        F:\MPFS_Projects\MPFS_ICICLE\component\work\PF_CCC_C0\PF_CCC_C0_0\PF_CCC_C0_PF_CCC_C0_0_PF_CCC.v (2023-08-08 15:50:08, 2023-09-12 21:36:36) <-- (may instantiate this module)
23       work.CRYPTO.verilog may have changed because the following files changed:
                        F:\MPFS_Projects\MPFS_ICICLE\component\polarfire_syn_comps.v (2023-08-08 16:39:11, 2023-09-12 21:37:45) <-- (module definition)
                        F:\MPFS_Projects\MPFS_ICICLE\component\work\PF_CCC_C0\PF_CCC_C0.v (2023-08-08 15:50:08, 2023-09-12 21:36:36) <-- (may instantiate this module)
                        F:\MPFS_Projects\MPFS_ICICLE\component\work\PF_CCC_C0\PF_CCC_C0_0\PF_CCC_C0_PF_CCC_C0_0_PF_CCC.v (2023-08-08 15:50:08, 2023-09-12 21:36:36) <-- (may instantiate this module)
24       work.CRYPTO_SOC.verilog may have changed because the following files changed:
                        F:\MPFS_Projects\MPFS_ICICLE\component\polarfire_syn_comps.v (2023-08-08 16:39:11, 2023-09-12 21:37:45) <-- (module definition)
                        F:\MPFS_Projects\MPFS_ICICLE\component\work\PF_CCC_C0\PF_CCC_C0.v (2023-08-08 15:50:08, 2023-09-12 21:36:36) <-- (may instantiate this module)
                        F:\MPFS_Projects\MPFS_ICICLE\component\work\PF_CCC_C0\PF_CCC_C0_0\PF_CCC_C0_PF_CCC_C0_0_PF_CCC.v (2023-08-08 15:50:08, 2023-09-12 21:36:36) <-- (may instantiate this module)
26       work.DEBUG.verilog may have changed because the following files changed:
                        F:\MPFS_Projects\MPFS_ICICLE\component\polarfire_syn_comps.v (2023-08-08 16:39:11, 2023-09-12 21:37:45) <-- (module definition)
                        F:\MPFS_Projects\MPFS_ICICLE\component\work\PF_CCC_C0\PF_CCC_C0.v (2023-08-08 15:50:08, 2023-09-12 21:36:36) <-- (may instantiate this module)
                        F:\MPFS_Projects\MPFS_ICICLE\component\work\PF_CCC_C0\PF_CCC_C0_0\PF_CCC_C0_PF_CCC_C0_0_PF_CCC.v (2023-08-08 15:50:08, 2023-09-12 21:36:36) <-- (may instantiate this module)
27       work.DLL.verilog may have changed because the following files changed:
                        F:\MPFS_Projects\MPFS_ICICLE\component\polarfire_syn_comps.v (2023-08-08 16:39:11, 2023-09-12 21:37:45) <-- (module definition)
                        F:\MPFS_Projects\MPFS_ICICLE\component\work\PF_CCC_C0\PF_CCC_C0.v (2023-08-08 15:50:08, 2023-09-12 21:36:36) <-- (may instantiate this module)
                        F:\MPFS_Projects\MPFS_ICICLE\component\work\PF_CCC_C0\PF_CCC_C0_0\PF_CCC_C0_PF_CCC_C0_0_PF_CCC.v (2023-08-08 15:50:08, 2023-09-12 21:36:36) <-- (may instantiate this module)
28       work.DRI.verilog may have changed because the following files changed:
                        F:\MPFS_Projects\MPFS_ICICLE\component\polarfire_syn_comps.v (2023-08-08 16:39:11, 2023-09-12 21:37:45) <-- (module definition)
                        F:\MPFS_Projects\MPFS_ICICLE\component\work\PF_CCC_C0\PF_CCC_C0.v (2023-08-08 15:50:08, 2023-09-12 21:36:36) <-- (may instantiate this module)
                        F:\MPFS_Projects\MPFS_ICICLE\component\work\PF_CCC_C0\PF_CCC_C0_0\PF_CCC_C0_PF_CCC_C0_0_PF_CCC.v (2023-08-08 15:50:08, 2023-09-12 21:36:36) <-- (may instantiate this module)
29       work.ENFORCE.verilog may have changed because the following files changed:
                        F:\MPFS_Projects\MPFS_ICICLE\component\polarfire_syn_comps.v (2023-08-08 16:39:11, 2023-09-12 21:37:45) <-- (module definition)
                        F:\MPFS_Projects\MPFS_ICICLE\component\work\PF_CCC_C0\PF_CCC_C0.v (2023-08-08 15:50:08, 2023-09-12 21:36:36) <-- (may instantiate this module)
                        F:\MPFS_Projects\MPFS_ICICLE\component\work\PF_CCC_C0\PF_CCC_C0_0\PF_CCC_C0_PF_CCC_C0_0_PF_CCC.v (2023-08-08 15:50:08, 2023-09-12 21:36:36) <-- (may instantiate this module)
40       work.GLITCHDETECT.verilog may have changed because the following files changed:
                        F:\MPFS_Projects\MPFS_ICICLE\component\polarfire_syn_comps.v (2023-08-08 16:39:11, 2023-09-12 21:37:45) <-- (module definition)
                        F:\MPFS_Projects\MPFS_ICICLE\component\work\PF_CCC_C0\PF_CCC_C0.v (2023-08-08 15:50:08, 2023-09-12 21:36:36) <-- (may instantiate this module)
                        F:\MPFS_Projects\MPFS_ICICLE\component\work\PF_CCC_C0\PF_CCC_C0_0\PF_CCC_C0_PF_CCC_C0_0_PF_CCC.v (2023-08-08 15:50:08, 2023-09-12 21:36:36) <-- (may instantiate this module)
45       work.GPSS_COMMON.verilog may have changed because the following files changed:
                        F:\MPFS_Projects\MPFS_ICICLE\component\polarfire_syn_comps.v (2023-08-08 16:39:11, 2023-09-12 21:37:45) <-- (module definition)
                        F:\MPFS_Projects\MPFS_ICICLE\component\work\PF_CCC_C0\PF_CCC_C0.v (2023-08-08 15:50:08, 2023-09-12 21:36:36) <-- (may instantiate this module)
                        F:\MPFS_Projects\MPFS_ICICLE\component\work\PF_CCC_C0\PF_CCC_C0_0\PF_CCC_C0_PF_CCC_C0_0_PF_CCC.v (2023-08-08 15:50:08, 2023-09-12 21:36:36) <-- (may instantiate this module)
46       work.HS_IO_CLK.verilog may have changed because the following files changed:
                        F:\MPFS_Projects\MPFS_ICICLE\component\polarfire_syn_comps.v (2023-08-08 16:39:11, 2023-09-12 21:37:45) <-- (module definition)
                        F:\MPFS_Projects\MPFS_ICICLE\component\work\PF_CCC_C0\PF_CCC_C0.v (2023-08-08 15:50:08, 2023-09-12 21:36:36) <-- (may instantiate this module)
                        F:\MPFS_Projects\MPFS_ICICLE\component\work\PF_CCC_C0\PF_CCC_C0_0\PF_CCC_C0_PF_CCC_C0_0_PF_CCC.v (2023-08-08 15:50:08, 2023-09-12 21:36:36) <-- (may instantiate this module)
47       work.ICB_BANKCLK.verilog may have changed because the following files changed:
                        F:\MPFS_Projects\MPFS_ICICLE\component\polarfire_syn_comps.v (2023-08-08 16:39:11, 2023-09-12 21:37:45) <-- (module definition)
                        F:\MPFS_Projects\MPFS_ICICLE\component\work\PF_CCC_C0\PF_CCC_C0.v (2023-08-08 15:50:08, 2023-09-12 21:36:36) <-- (may instantiate this module)
                        F:\MPFS_Projects\MPFS_ICICLE\component\work\PF_CCC_C0\PF_CCC_C0_0\PF_CCC_C0_PF_CCC_C0_0_PF_CCC.v (2023-08-08 15:50:08, 2023-09-12 21:36:36) <-- (may instantiate this module)
48       work.ICB_CLKDIV.verilog may have changed because the following files changed:
                        F:\MPFS_Projects\MPFS_ICICLE\component\polarfire_syn_comps.v (2023-08-08 16:39:11, 2023-09-12 21:37:45) <-- (module definition)
                        F:\MPFS_Projects\MPFS_ICICLE\component\work\PF_CCC_C0\PF_CCC_C0.v (2023-08-08 15:50:08, 2023-09-12 21:36:36) <-- (may instantiate this module)
                        F:\MPFS_Projects\MPFS_ICICLE\component\work\PF_CCC_C0\PF_CCC_C0_0\PF_CCC_C0_PF_CCC_C0_0_PF_CCC.v (2023-08-08 15:50:08, 2023-09-12 21:36:36) <-- (may instantiate this module)
49       work.ICB_CLKDIVDELAY.verilog may have changed because the following files changed:
                        F:\MPFS_Projects\MPFS_ICICLE\component\polarfire_syn_comps.v (2023-08-08 16:39:11, 2023-09-12 21:37:45) <-- (module definition)
                        F:\MPFS_Projects\MPFS_ICICLE\component\work\PF_CCC_C0\PF_CCC_C0.v (2023-08-08 15:50:08, 2023-09-12 21:36:36) <-- (may instantiate this module)
                        F:\MPFS_Projects\MPFS_ICICLE\component\work\PF_CCC_C0\PF_CCC_C0_0\PF_CCC_C0_PF_CCC_C0_0_PF_CCC.v (2023-08-08 15:50:08, 2023-09-12 21:36:36) <-- (may instantiate this module)
50       work.ICB_CLKINT.verilog may have changed because the following files changed:
                        F:\MPFS_Projects\MPFS_ICICLE\component\polarfire_syn_comps.v (2023-08-08 16:39:11, 2023-09-12 21:37:45) <-- (module definition)
                        F:\MPFS_Projects\MPFS_ICICLE\component\work\PF_CCC_C0\PF_CCC_C0.v (2023-08-08 15:50:08, 2023-09-12 21:36:36) <-- (may instantiate this module)
                        F:\MPFS_Projects\MPFS_ICICLE\component\work\PF_CCC_C0\PF_CCC_C0_0\PF_CCC_C0_PF_CCC_C0_0_PF_CCC.v (2023-08-08 15:50:08, 2023-09-12 21:36:36) <-- (may instantiate this module)
51       work.ICB_CLKSTOP.verilog may have changed because the following files changed:
                        F:\MPFS_Projects\MPFS_ICICLE\component\polarfire_syn_comps.v (2023-08-08 16:39:11, 2023-09-12 21:37:45) <-- (module definition)
                        F:\MPFS_Projects\MPFS_ICICLE\component\work\PF_CCC_C0\PF_CCC_C0.v (2023-08-08 15:50:08, 2023-09-12 21:36:36) <-- (may instantiate this module)
                        F:\MPFS_Projects\MPFS_ICICLE\component\work\PF_CCC_C0\PF_CCC_C0_0\PF_CCC_C0_PF_CCC_C0_0_PF_CCC.v (2023-08-08 15:50:08, 2023-09-12 21:36:36) <-- (may instantiate this module)
52       work.ICB_CLKSTOP_EN.verilog may have changed because the following files changed:
                        F:\MPFS_Projects\MPFS_ICICLE\component\polarfire_syn_comps.v (2023-08-08 16:39:11, 2023-09-12 21:37:45) <-- (module definition)
                        F:\MPFS_Projects\MPFS_ICICLE\component\work\PF_CCC_C0\PF_CCC_C0.v (2023-08-08 15:50:08, 2023-09-12 21:36:36) <-- (may instantiate this module)
                        F:\MPFS_Projects\MPFS_ICICLE\component\work\PF_CCC_C0\PF_CCC_C0_0\PF_CCC_C0_PF_CCC_C0_0_PF_CCC.v (2023-08-08 15:50:08, 2023-09-12 21:36:36) <-- (may instantiate this module)
53       work.ICB_INT.verilog may have changed because the following files changed:
                        F:\MPFS_Projects\MPFS_ICICLE\component\polarfire_syn_comps.v (2023-08-08 16:39:11, 2023-09-12 21:37:45) <-- (module definition)
                        F:\MPFS_Projects\MPFS_ICICLE\component\work\PF_CCC_C0\PF_CCC_C0.v (2023-08-08 15:50:08, 2023-09-12 21:36:36) <-- (may instantiate this module)
                        F:\MPFS_Projects\MPFS_ICICLE\component\work\PF_CCC_C0\PF_CCC_C0_0\PF_CCC_C0_PF_CCC_C0_0_PF_CCC.v (2023-08-08 15:50:08, 2023-09-12 21:36:36) <-- (may instantiate this module)
54       work.ICB_MUXING.verilog may have changed because the following files changed:
                        F:\MPFS_Projects\MPFS_ICICLE\component\polarfire_syn_comps.v (2023-08-08 16:39:11, 2023-09-12 21:37:45) <-- (module definition)
                        F:\MPFS_Projects\MPFS_ICICLE\component\work\PF_CCC_C0\PF_CCC_C0.v (2023-08-08 15:50:08, 2023-09-12 21:36:36) <-- (may instantiate this module)
                        F:\MPFS_Projects\MPFS_ICICLE\component\work\PF_CCC_C0\PF_CCC_C0_0\PF_CCC_C0_PF_CCC_C0_0_PF_CCC.v (2023-08-08 15:50:08, 2023-09-12 21:36:36) <-- (may instantiate this module)
55       work.ICB_NGMUX.verilog may have changed because the following files changed:
                        F:\MPFS_Projects\MPFS_ICICLE\component\polarfire_syn_comps.v (2023-08-08 16:39:11, 2023-09-12 21:37:45) <-- (module definition)
                        F:\MPFS_Projects\MPFS_ICICLE\component\work\PF_CCC_C0\PF_CCC_C0.v (2023-08-08 15:50:08, 2023-09-12 21:36:36) <-- (may instantiate this module)
                        F:\MPFS_Projects\MPFS_ICICLE\component\work\PF_CCC_C0\PF_CCC_C0_0\PF_CCC_C0_PF_CCC_C0_0_PF_CCC.v (2023-08-08 15:50:08, 2023-09-12 21:36:36) <-- (may instantiate this module)
59       work.INIT.verilog may have changed because the following files changed:
                        F:\MPFS_Projects\MPFS_ICICLE\component\polarfire_syn_comps.v (2023-08-08 16:39:11, 2023-09-12 21:37:45) <-- (module definition)
                        F:\MPFS_Projects\MPFS_ICICLE\component\work\PF_CCC_C0\PF_CCC_C0.v (2023-08-08 15:50:08, 2023-09-12 21:36:36) <-- (may instantiate this module)
                        F:\MPFS_Projects\MPFS_ICICLE\component\work\PF_CCC_C0\PF_CCC_C0_0\PF_CCC_C0_PF_CCC_C0_0_PF_CCC.v (2023-08-08 15:50:08, 2023-09-12 21:36:36) <-- (may instantiate this module)
62       work.IOD.verilog may have changed because the following files changed:
                        F:\MPFS_Projects\MPFS_ICICLE\component\polarfire_syn_comps.v (2023-08-08 16:39:11, 2023-09-12 21:37:45) <-- (module definition)
                        F:\MPFS_Projects\MPFS_ICICLE\component\work\PF_CCC_C0\PF_CCC_C0.v (2023-08-08 15:50:08, 2023-09-12 21:36:36) <-- (may instantiate this module)
                        F:\MPFS_Projects\MPFS_ICICLE\component\work\PF_CCC_C0\PF_CCC_C0_0\PF_CCC_C0_PF_CCC_C0_0_PF_CCC.v (2023-08-08 15:50:08, 2023-09-12 21:36:36) <-- (may instantiate this module)
63       work.LANECTRL.verilog may have changed because the following files changed:
                        F:\MPFS_Projects\MPFS_ICICLE\component\polarfire_syn_comps.v (2023-08-08 16:39:11, 2023-09-12 21:37:45) <-- (module definition)
                        F:\MPFS_Projects\MPFS_ICICLE\component\work\PF_CCC_C0\PF_CCC_C0.v (2023-08-08 15:50:08, 2023-09-12 21:36:36) <-- (may instantiate this module)
                        F:\MPFS_Projects\MPFS_ICICLE\component\work\PF_CCC_C0\PF_CCC_C0_0\PF_CCC_C0_PF_CCC_C0_0_PF_CCC.v (2023-08-08 15:50:08, 2023-09-12 21:36:36) <-- (may instantiate this module)
64       work.LANERST.verilog may have changed because the following files changed:
                        F:\MPFS_Projects\MPFS_ICICLE\component\polarfire_syn_comps.v (2023-08-08 16:39:11, 2023-09-12 21:37:45) <-- (module definition)
                        F:\MPFS_Projects\MPFS_ICICLE\component\work\PF_CCC_C0\PF_CCC_C0.v (2023-08-08 15:50:08, 2023-09-12 21:36:36) <-- (may instantiate this module)
                        F:\MPFS_Projects\MPFS_ICICLE\component\work\PF_CCC_C0\PF_CCC_C0_0\PF_CCC_C0_PF_CCC_C0_0_PF_CCC.v (2023-08-08 15:50:08, 2023-09-12 21:36:36) <-- (may instantiate this module)
72       work.OSC_RC160MHZ.verilog may have changed because the following files changed:
                        F:\MPFS_Projects\MPFS_ICICLE\component\polarfire_syn_comps.v (2023-08-08 16:39:11, 2023-09-12 21:37:45) <-- (module definition)
                        F:\MPFS_Projects\MPFS_ICICLE\component\work\PF_CCC_C0\PF_CCC_C0.v (2023-08-08 15:50:08, 2023-09-12 21:36:36) <-- (may instantiate this module)
                        F:\MPFS_Projects\MPFS_ICICLE\component\work\PF_CCC_C0\PF_CCC_C0_0\PF_CCC_C0_PF_CCC_C0_0_PF_CCC.v (2023-08-08 15:50:08, 2023-09-12 21:36:36) <-- (may instantiate this module)
73       work.OSC_RC200MHZ.verilog may have changed because the following files changed:
                        F:\MPFS_Projects\MPFS_ICICLE\component\polarfire_syn_comps.v (2023-08-08 16:39:11, 2023-09-12 21:37:45) <-- (module definition)
                        F:\MPFS_Projects\MPFS_ICICLE\component\work\PF_CCC_C0\PF_CCC_C0.v (2023-08-08 15:50:08, 2023-09-12 21:36:36) <-- (may instantiate this module)
                        F:\MPFS_Projects\MPFS_ICICLE\component\work\PF_CCC_C0\PF_CCC_C0_0\PF_CCC_C0_PF_CCC_C0_0_PF_CCC.v (2023-08-08 15:50:08, 2023-09-12 21:36:36) <-- (may instantiate this module)
74       work.OSC_RC2MHZ.verilog may have changed because the following files changed:
                        F:\MPFS_Projects\MPFS_ICICLE\component\polarfire_syn_comps.v (2023-08-08 16:39:11, 2023-09-12 21:37:45) <-- (module definition)
                        F:\MPFS_Projects\MPFS_ICICLE\component\work\PF_CCC_C0\PF_CCC_C0.v (2023-08-08 15:50:08, 2023-09-12 21:36:36) <-- (may instantiate this module)
                        F:\MPFS_Projects\MPFS_ICICLE\component\work\PF_CCC_C0\PF_CCC_C0_0\PF_CCC_C0_PF_CCC_C0_0_PF_CCC.v (2023-08-08 15:50:08, 2023-09-12 21:36:36) <-- (may instantiate this module)
75       work.PCIE.verilog may have changed because the following files changed:
                        F:\MPFS_Projects\MPFS_ICICLE\component\polarfire_syn_comps.v (2023-08-08 16:39:11, 2023-09-12 21:37:45) <-- (module definition)
                        F:\MPFS_Projects\MPFS_ICICLE\component\work\PF_CCC_C0\PF_CCC_C0.v (2023-08-08 15:50:08, 2023-09-12 21:36:36) <-- (may instantiate this module)
                        F:\MPFS_Projects\MPFS_ICICLE\component\work\PF_CCC_C0\PF_CCC_C0_0\PF_CCC_C0_PF_CCC_C0_0_PF_CCC.v (2023-08-08 15:50:08, 2023-09-12 21:36:36) <-- (may instantiate this module)
76       work.PCIE_COMMON.verilog may have changed because the following files changed:
                        F:\MPFS_Projects\MPFS_ICICLE\component\polarfire_syn_comps.v (2023-08-08 16:39:11, 2023-09-12 21:37:45) <-- (module definition)
                        F:\MPFS_Projects\MPFS_ICICLE\component\work\PF_CCC_C0\PF_CCC_C0.v (2023-08-08 15:50:08, 2023-09-12 21:36:36) <-- (may instantiate this module)
                        F:\MPFS_Projects\MPFS_ICICLE\component\work\PF_CCC_C0\PF_CCC_C0_0\PF_CCC_C0_PF_CCC_C0_0_PF_CCC.v (2023-08-08 15:50:08, 2023-09-12 21:36:36) <-- (may instantiate this module)
80       work.PFSOC_SCSM.verilog may have changed because the following files changed:
                        F:\MPFS_Projects\MPFS_ICICLE\component\polarfire_syn_comps.v (2023-08-08 16:39:11, 2023-09-12 21:37:45) <-- (module definition)
                        F:\MPFS_Projects\MPFS_ICICLE\component\work\PF_CCC_C0\PF_CCC_C0.v (2023-08-08 15:50:08, 2023-09-12 21:36:36) <-- (may instantiate this module)
                        F:\MPFS_Projects\MPFS_ICICLE\component\work\PF_CCC_C0\PF_CCC_C0_0\PF_CCC_C0_PF_CCC_C0_0_PF_CCC.v (2023-08-08 15:50:08, 2023-09-12 21:36:36) <-- (may instantiate this module)
81       work.PF_CCC_C0.verilog may have changed because the following files changed:
                        F:\MPFS_Projects\MPFS_ICICLE\component\work\PF_CCC_C0\PF_CCC_C0.v (2023-08-08 15:50:08, 2023-09-12 21:36:36) <-- (module definition)
82       work.PF_CCC_C0_PF_CCC_C0_0_PF_CCC.verilog may have changed because the following files changed:
                        F:\MPFS_Projects\MPFS_ICICLE\component\work\PF_CCC_C0\PF_CCC_C0.v (2023-08-08 15:50:08, 2023-09-12 21:36:36) <-- (may instantiate this module)
                        F:\MPFS_Projects\MPFS_ICICLE\component\work\PF_CCC_C0\PF_CCC_C0_0\PF_CCC_C0_PF_CCC_C0_0_PF_CCC.v (2023-08-08 15:50:08, 2023-09-12 21:36:36) <-- (module definition)
85       work.PF_SPI.verilog may have changed because the following files changed:
                        F:\MPFS_Projects\MPFS_ICICLE\component\polarfire_syn_comps.v (2023-08-08 16:39:11, 2023-09-12 21:37:45) <-- (module definition)
                        F:\MPFS_Projects\MPFS_ICICLE\component\work\PF_CCC_C0\PF_CCC_C0.v (2023-08-08 15:50:08, 2023-09-12 21:36:36) <-- (may instantiate this module)
                        F:\MPFS_Projects\MPFS_ICICLE\component\work\PF_CCC_C0\PF_CCC_C0_0\PF_CCC_C0_PF_CCC_C0_0_PF_CCC.v (2023-08-08 15:50:08, 2023-09-12 21:36:36) <-- (may instantiate this module)
86       work.PLL.verilog may have changed because the following files changed:
                        F:\MPFS_Projects\MPFS_ICICLE\component\polarfire_syn_comps.v (2023-08-08 16:39:11, 2023-09-12 21:37:45) <-- (module definition)
                        F:\MPFS_Projects\MPFS_ICICLE\component\work\PF_CCC_C0\PF_CCC_C0.v (2023-08-08 15:50:08, 2023-09-12 21:36:36) <-- (may instantiate this module)
                        F:\MPFS_Projects\MPFS_ICICLE\component\work\PF_CCC_C0\PF_CCC_C0_0\PF_CCC_C0_PF_CCC_C0_0_PF_CCC.v (2023-08-08 15:50:08, 2023-09-12 21:36:36) <-- (may instantiate this module)
87       work.QUADRST.verilog may have changed because the following files changed:
                        F:\MPFS_Projects\MPFS_ICICLE\component\polarfire_syn_comps.v (2023-08-08 16:39:11, 2023-09-12 21:37:45) <-- (module definition)
                        F:\MPFS_Projects\MPFS_ICICLE\component\work\PF_CCC_C0\PF_CCC_C0.v (2023-08-08 15:50:08, 2023-09-12 21:36:36) <-- (may instantiate this module)
                        F:\MPFS_Projects\MPFS_ICICLE\component\work\PF_CCC_C0\PF_CCC_C0_0\PF_CCC_C0_PF_CCC_C0_0_PF_CCC.v (2023-08-08 15:50:08, 2023-09-12 21:36:36) <-- (may instantiate this module)
88       work.QUADRST_PCIE.verilog may have changed because the following files changed:
                        F:\MPFS_Projects\MPFS_ICICLE\component\polarfire_syn_comps.v (2023-08-08 16:39:11, 2023-09-12 21:37:45) <-- (module definition)
                        F:\MPFS_Projects\MPFS_ICICLE\component\work\PF_CCC_C0\PF_CCC_C0.v (2023-08-08 15:50:08, 2023-09-12 21:36:36) <-- (may instantiate this module)
                        F:\MPFS_Projects\MPFS_ICICLE\component\work\PF_CCC_C0\PF_CCC_C0_0\PF_CCC_C0_PF_CCC_C0_0_PF_CCC.v (2023-08-08 15:50:08, 2023-09-12 21:36:36) <-- (may instantiate this module)
91       work.SCB.verilog may have changed because the following files changed:
                        F:\MPFS_Projects\MPFS_ICICLE\component\polarfire_syn_comps.v (2023-08-08 16:39:11, 2023-09-12 21:37:45) <-- (module definition)
                        F:\MPFS_Projects\MPFS_ICICLE\component\work\PF_CCC_C0\PF_CCC_C0.v (2023-08-08 15:50:08, 2023-09-12 21:36:36) <-- (may instantiate this module)
                        F:\MPFS_Projects\MPFS_ICICLE\component\work\PF_CCC_C0\PF_CCC_C0_0\PF_CCC_C0_PF_CCC_C0_0_PF_CCC.v (2023-08-08 15:50:08, 2023-09-12 21:36:36) <-- (may instantiate this module)
92       work.SYSCTRL_RESET_STATUS.verilog may have changed because the following files changed:
                        F:\MPFS_Projects\MPFS_ICICLE\component\polarfire_syn_comps.v (2023-08-08 16:39:11, 2023-09-12 21:37:45) <-- (module definition)
                        F:\MPFS_Projects\MPFS_ICICLE\component\work\PF_CCC_C0\PF_CCC_C0.v (2023-08-08 15:50:08, 2023-09-12 21:36:36) <-- (may instantiate this module)
                        F:\MPFS_Projects\MPFS_ICICLE\component\work\PF_CCC_C0\PF_CCC_C0_0\PF_CCC_C0_PF_CCC_C0_0_PF_CCC.v (2023-08-08 15:50:08, 2023-09-12 21:36:36) <-- (may instantiate this module)
93       work.SYSRESET.verilog may have changed because the following files changed:
                        F:\MPFS_Projects\MPFS_ICICLE\component\polarfire_syn_comps.v (2023-08-08 16:39:11, 2023-09-12 21:37:45) <-- (module definition)
                        F:\MPFS_Projects\MPFS_ICICLE\component\work\PF_CCC_C0\PF_CCC_C0.v (2023-08-08 15:50:08, 2023-09-12 21:36:36) <-- (may instantiate this module)
                        F:\MPFS_Projects\MPFS_ICICLE\component\work\PF_CCC_C0\PF_CCC_C0_0\PF_CCC_C0_PF_CCC_C0_0_PF_CCC.v (2023-08-08 15:50:08, 2023-09-12 21:36:36) <-- (may instantiate this module)
94       work.SYS_SERVICES.verilog may have changed because the following files changed:
                        F:\MPFS_Projects\MPFS_ICICLE\component\polarfire_syn_comps.v (2023-08-08 16:39:11, 2023-09-12 21:37:45) <-- (module definition)
                        F:\MPFS_Projects\MPFS_ICICLE\component\work\PF_CCC_C0\PF_CCC_C0.v (2023-08-08 15:50:08, 2023-09-12 21:36:36) <-- (may instantiate this module)
                        F:\MPFS_Projects\MPFS_ICICLE\component\work\PF_CCC_C0\PF_CCC_C0_0\PF_CCC_C0_PF_CCC_C0_0_PF_CCC.v (2023-08-08 15:50:08, 2023-09-12 21:36:36) <-- (may instantiate this module)
95       work.TAMPER.verilog may have changed because the following files changed:
                        F:\MPFS_Projects\MPFS_ICICLE\component\polarfire_syn_comps.v (2023-08-08 16:39:11, 2023-09-12 21:37:45) <-- (module definition)
                        F:\MPFS_Projects\MPFS_ICICLE\component\work\PF_CCC_C0\PF_CCC_C0.v (2023-08-08 15:50:08, 2023-09-12 21:36:36) <-- (may instantiate this module)
                        F:\MPFS_Projects\MPFS_ICICLE\component\work\PF_CCC_C0\PF_CCC_C0_0\PF_CCC_C0_PF_CCC_C0_0_PF_CCC.v (2023-08-08 15:50:08, 2023-09-12 21:36:36) <-- (may instantiate this module)
98       work.TVS.verilog may have changed because the following files changed:
                        F:\MPFS_Projects\MPFS_ICICLE\component\polarfire_syn_comps.v (2023-08-08 16:39:11, 2023-09-12 21:37:45) <-- (module definition)
                        F:\MPFS_Projects\MPFS_ICICLE\component\work\PF_CCC_C0\PF_CCC_C0.v (2023-08-08 15:50:08, 2023-09-12 21:36:36) <-- (may instantiate this module)
                        F:\MPFS_Projects\MPFS_ICICLE\component\work\PF_CCC_C0\PF_CCC_C0_0\PF_CCC_C0_PF_CCC_C0_0_PF_CCC.v (2023-08-08 15:50:08, 2023-09-12 21:36:36) <-- (may instantiate this module)
99       work.TX_PLL.verilog may have changed because the following files changed:
                        F:\MPFS_Projects\MPFS_ICICLE\component\polarfire_syn_comps.v (2023-08-08 16:39:11, 2023-09-12 21:37:45) <-- (module definition)
                        F:\MPFS_Projects\MPFS_ICICLE\component\work\PF_CCC_C0\PF_CCC_C0.v (2023-08-08 15:50:08, 2023-09-12 21:36:36) <-- (may instantiate this module)
                        F:\MPFS_Projects\MPFS_ICICLE\component\work\PF_CCC_C0\PF_CCC_C0_0\PF_CCC_C0_PF_CCC_C0_0_PF_CCC.v (2023-08-08 15:50:08, 2023-09-12 21:36:36) <-- (may instantiate this module)
100      work.UPROM.verilog may have changed because the following files changed:
                        F:\MPFS_Projects\MPFS_ICICLE\component\polarfire_syn_comps.v (2023-08-08 16:39:11, 2023-09-12 21:37:45) <-- (module definition)
                        F:\MPFS_Projects\MPFS_ICICLE\component\work\PF_CCC_C0\PF_CCC_C0.v (2023-08-08 15:50:08, 2023-09-12 21:36:36) <-- (may instantiate this module)
                        F:\MPFS_Projects\MPFS_ICICLE\component\work\PF_CCC_C0\PF_CCC_C0_0\PF_CCC_C0_PF_CCC_C0_0_PF_CCC.v (2023-08-08 15:50:08, 2023-09-12 21:36:36) <-- (may instantiate this module)
101      work.USPI.verilog may have changed because the following files changed:
                        F:\MPFS_Projects\MPFS_ICICLE\component\polarfire_syn_comps.v (2023-08-08 16:39:11, 2023-09-12 21:37:45) <-- (module definition)
                        F:\MPFS_Projects\MPFS_ICICLE\component\work\PF_CCC_C0\PF_CCC_C0.v (2023-08-08 15:50:08, 2023-09-12 21:36:36) <-- (may instantiate this module)
                        F:\MPFS_Projects\MPFS_ICICLE\component\work\PF_CCC_C0\PF_CCC_C0_0\PF_CCC_C0_PF_CCC_C0_0_PF_CCC.v (2023-08-08 15:50:08, 2023-09-12 21:36:36) <-- (may instantiate this module)
102      work.VOLTAGEDETECT.verilog may have changed because the following files changed:
                        F:\MPFS_Projects\MPFS_ICICLE\component\polarfire_syn_comps.v (2023-08-08 16:39:11, 2023-09-12 21:37:45) <-- (module definition)
                        F:\MPFS_Projects\MPFS_ICICLE\component\work\PF_CCC_C0\PF_CCC_C0.v (2023-08-08 15:50:08, 2023-09-12 21:36:36) <-- (may instantiate this module)
                        F:\MPFS_Projects\MPFS_ICICLE\component\work\PF_CCC_C0\PF_CCC_C0_0\PF_CCC_C0_PF_CCC_C0_0_PF_CCC.v (2023-08-08 15:50:08, 2023-09-12 21:36:36) <-- (may instantiate this module)
103      work.VREFBANKDYN.verilog may have changed because the following files changed:
                        F:\MPFS_Projects\MPFS_ICICLE\component\polarfire_syn_comps.v (2023-08-08 16:39:11, 2023-09-12 21:37:45) <-- (module definition)
                        F:\MPFS_Projects\MPFS_ICICLE\component\work\PF_CCC_C0\PF_CCC_C0.v (2023-08-08 15:50:08, 2023-09-12 21:36:36) <-- (may instantiate this module)
                        F:\MPFS_Projects\MPFS_ICICLE\component\work\PF_CCC_C0\PF_CCC_C0_0\PF_CCC_C0_PF_CCC_C0_0_PF_CCC.v (2023-08-08 15:50:08, 2023-09-12 21:36:36) <-- (may instantiate this module)
104      work.VREFCTRL.verilog may have changed because the following files changed:
                        F:\MPFS_Projects\MPFS_ICICLE\component\polarfire_syn_comps.v (2023-08-08 16:39:11, 2023-09-12 21:37:45) <-- (module definition)
                        F:\MPFS_Projects\MPFS_ICICLE\component\work\PF_CCC_C0\PF_CCC_C0.v (2023-08-08 15:50:08, 2023-09-12 21:36:36) <-- (may instantiate this module)
                        F:\MPFS_Projects\MPFS_ICICLE\component\work\PF_CCC_C0\PF_CCC_C0_0\PF_CCC_C0_PF_CCC_C0_0_PF_CCC.v (2023-08-08 15:50:08, 2023-09-12 21:36:36) <-- (may instantiate this module)
105      work.XCVR.verilog may have changed because the following files changed:
                        F:\MPFS_Projects\MPFS_ICICLE\component\polarfire_syn_comps.v (2023-08-08 16:39:11, 2023-09-12 21:37:45) <-- (module definition)
                        F:\MPFS_Projects\MPFS_ICICLE\component\work\PF_CCC_C0\PF_CCC_C0.v (2023-08-08 15:50:08, 2023-09-12 21:36:36) <-- (may instantiate this module)
                        F:\MPFS_Projects\MPFS_ICICLE\component\work\PF_CCC_C0\PF_CCC_C0_0\PF_CCC_C0_PF_CCC_C0_0_PF_CCC.v (2023-08-08 15:50:08, 2023-09-12 21:36:36) <-- (may instantiate this module)
106      work.XCVR_64B6XB.verilog may have changed because the following files changed:
                        F:\MPFS_Projects\MPFS_ICICLE\component\polarfire_syn_comps.v (2023-08-08 16:39:11, 2023-09-12 21:37:45) <-- (module definition)
                        F:\MPFS_Projects\MPFS_ICICLE\component\work\PF_CCC_C0\PF_CCC_C0.v (2023-08-08 15:50:08, 2023-09-12 21:36:36) <-- (may instantiate this module)
                        F:\MPFS_Projects\MPFS_ICICLE\component\work\PF_CCC_C0\PF_CCC_C0_0\PF_CCC_C0_PF_CCC_C0_0_PF_CCC.v (2023-08-08 15:50:08, 2023-09-12 21:36:36) <-- (may instantiate this module)
107      work.XCVR_8B10B.verilog may have changed because the following files changed:
                        F:\MPFS_Projects\MPFS_ICICLE\component\polarfire_syn_comps.v (2023-08-08 16:39:11, 2023-09-12 21:37:45) <-- (module definition)
                        F:\MPFS_Projects\MPFS_ICICLE\component\work\PF_CCC_C0\PF_CCC_C0.v (2023-08-08 15:50:08, 2023-09-12 21:36:36) <-- (may instantiate this module)
                        F:\MPFS_Projects\MPFS_ICICLE\component\work\PF_CCC_C0\PF_CCC_C0_0\PF_CCC_C0_PF_CCC_C0_0_PF_CCC.v (2023-08-08 15:50:08, 2023-09-12 21:36:36) <-- (may instantiate this module)
108      work.XCVR_APB_LINK.verilog may have changed because the following files changed:
                        F:\MPFS_Projects\MPFS_ICICLE\component\polarfire_syn_comps.v (2023-08-08 16:39:11, 2023-09-12 21:37:45) <-- (module definition)
                        F:\MPFS_Projects\MPFS_ICICLE\component\work\PF_CCC_C0\PF_CCC_C0.v (2023-08-08 15:50:08, 2023-09-12 21:36:36) <-- (may instantiate this module)
                        F:\MPFS_Projects\MPFS_ICICLE\component\work\PF_CCC_C0\PF_CCC_C0_0\PF_CCC_C0_PF_CCC_C0_0_PF_CCC.v (2023-08-08 15:50:08, 2023-09-12 21:36:36) <-- (may instantiate this module)
109      work.XCVR_APB_LINK_V.verilog may have changed because the following files changed:
                        F:\MPFS_Projects\MPFS_ICICLE\component\polarfire_syn_comps.v (2023-08-08 16:39:11, 2023-09-12 21:37:45) <-- (module definition)
                        F:\MPFS_Projects\MPFS_ICICLE\component\work\PF_CCC_C0\PF_CCC_C0.v (2023-08-08 15:50:08, 2023-09-12 21:36:36) <-- (may instantiate this module)
                        F:\MPFS_Projects\MPFS_ICICLE\component\work\PF_CCC_C0\PF_CCC_C0_0\PF_CCC_C0_PF_CCC_C0_0_PF_CCC.v (2023-08-08 15:50:08, 2023-09-12 21:36:36) <-- (may instantiate this module)
110      work.XCVR_APB_LINK_V2.verilog may have changed because the following files changed:
                        F:\MPFS_Projects\MPFS_ICICLE\component\polarfire_syn_comps.v (2023-08-08 16:39:11, 2023-09-12 21:37:45) <-- (module definition)
                        F:\MPFS_Projects\MPFS_ICICLE\component\work\PF_CCC_C0\PF_CCC_C0.v (2023-08-08 15:50:08, 2023-09-12 21:36:36) <-- (may instantiate this module)
                        F:\MPFS_Projects\MPFS_ICICLE\component\work\PF_CCC_C0\PF_CCC_C0_0\PF_CCC_C0_PF_CCC_C0_0_PF_CCC.v (2023-08-08 15:50:08, 2023-09-12 21:36:36) <-- (may instantiate this module)
111      work.XCVR_DUAL_PCS.verilog may have changed because the following files changed:
                        F:\MPFS_Projects\MPFS_ICICLE\component\polarfire_syn_comps.v (2023-08-08 16:39:11, 2023-09-12 21:37:45) <-- (module definition)
                        F:\MPFS_Projects\MPFS_ICICLE\component\work\PF_CCC_C0\PF_CCC_C0.v (2023-08-08 15:50:08, 2023-09-12 21:36:36) <-- (may instantiate this module)
                        F:\MPFS_Projects\MPFS_ICICLE\component\work\PF_CCC_C0\PF_CCC_C0_0\PF_CCC_C0_PF_CCC_C0_0_PF_CCC.v (2023-08-08 15:50:08, 2023-09-12 21:36:36) <-- (may instantiate this module)
112      work.XCVR_PIPE.verilog may have changed because the following files changed:
                        F:\MPFS_Projects\MPFS_ICICLE\component\polarfire_syn_comps.v (2023-08-08 16:39:11, 2023-09-12 21:37:45) <-- (module definition)
                        F:\MPFS_Projects\MPFS_ICICLE\component\work\PF_CCC_C0\PF_CCC_C0.v (2023-08-08 15:50:08, 2023-09-12 21:36:36) <-- (may instantiate this module)
                        F:\MPFS_Projects\MPFS_ICICLE\component\work\PF_CCC_C0\PF_CCC_C0_0\PF_CCC_C0_PF_CCC_C0_0_PF_CCC.v (2023-08-08 15:50:08, 2023-09-12 21:36:36) <-- (may instantiate this module)
113      work.XCVR_PIPE_AXI0.verilog may have changed because the following files changed:
                        F:\MPFS_Projects\MPFS_ICICLE\component\polarfire_syn_comps.v (2023-08-08 16:39:11, 2023-09-12 21:37:45) <-- (module definition)
                        F:\MPFS_Projects\MPFS_ICICLE\component\work\PF_CCC_C0\PF_CCC_C0.v (2023-08-08 15:50:08, 2023-09-12 21:36:36) <-- (may instantiate this module)
                        F:\MPFS_Projects\MPFS_ICICLE\component\work\PF_CCC_C0\PF_CCC_C0_0\PF_CCC_C0_PF_CCC_C0_0_PF_CCC.v (2023-08-08 15:50:08, 2023-09-12 21:36:36) <-- (may instantiate this module)
114      work.XCVR_PIPE_AXI1.verilog may have changed because the following files changed:
                        F:\MPFS_Projects\MPFS_ICICLE\component\polarfire_syn_comps.v (2023-08-08 16:39:11, 2023-09-12 21:37:45) <-- (module definition)
                        F:\MPFS_Projects\MPFS_ICICLE\component\work\PF_CCC_C0\PF_CCC_C0.v (2023-08-08 15:50:08, 2023-09-12 21:36:36) <-- (may instantiate this module)
                        F:\MPFS_Projects\MPFS_ICICLE\component\work\PF_CCC_C0\PF_CCC_C0_0\PF_CCC_C0_PF_CCC_C0_0_PF_CCC.v (2023-08-08 15:50:08, 2023-09-12 21:36:36) <-- (may instantiate this module)
115      work.XCVR_PMA.verilog may have changed because the following files changed:
                        F:\MPFS_Projects\MPFS_ICICLE\component\polarfire_syn_comps.v (2023-08-08 16:39:11, 2023-09-12 21:37:45) <-- (module definition)
                        F:\MPFS_Projects\MPFS_ICICLE\component\work\PF_CCC_C0\PF_CCC_C0.v (2023-08-08 15:50:08, 2023-09-12 21:36:36) <-- (may instantiate this module)
                        F:\MPFS_Projects\MPFS_ICICLE\component\work\PF_CCC_C0\PF_CCC_C0_0\PF_CCC_C0_PF_CCC_C0_0_PF_CCC.v (2023-08-08 15:50:08, 2023-09-12 21:36:36) <-- (may instantiate this module)
116      work.XCVR_REF_CLK.verilog may have changed because the following files changed:
                        F:\MPFS_Projects\MPFS_ICICLE\component\polarfire_syn_comps.v (2023-08-08 16:39:11, 2023-09-12 21:37:45) <-- (module definition)
                        F:\MPFS_Projects\MPFS_ICICLE\component\work\PF_CCC_C0\PF_CCC_C0.v (2023-08-08 15:50:08, 2023-09-12 21:36:36) <-- (may instantiate this module)
                        F:\MPFS_Projects\MPFS_ICICLE\component\work\PF_CCC_C0\PF_CCC_C0_0\PF_CCC_C0_PF_CCC_C0_0_PF_CCC.v (2023-08-08 15:50:08, 2023-09-12 21:36:36) <-- (may instantiate this module)
117      work.XCVR_REF_CLK_N.verilog may have changed because the following files changed:
                        F:\MPFS_Projects\MPFS_ICICLE\component\polarfire_syn_comps.v (2023-08-08 16:39:11, 2023-09-12 21:37:45) <-- (module definition)
                        F:\MPFS_Projects\MPFS_ICICLE\component\work\PF_CCC_C0\PF_CCC_C0.v (2023-08-08 15:50:08, 2023-09-12 21:36:36) <-- (may instantiate this module)
                        F:\MPFS_Projects\MPFS_ICICLE\component\work\PF_CCC_C0\PF_CCC_C0_0\PF_CCC_C0_PF_CCC_C0_0_PF_CCC.v (2023-08-08 15:50:08, 2023-09-12 21:36:36) <-- (may instantiate this module)
118      work.XCVR_REF_CLK_P.verilog may have changed because the following files changed:
                        F:\MPFS_Projects\MPFS_ICICLE\component\polarfire_syn_comps.v (2023-08-08 16:39:11, 2023-09-12 21:37:45) <-- (module definition)
                        F:\MPFS_Projects\MPFS_ICICLE\component\work\PF_CCC_C0\PF_CCC_C0.v (2023-08-08 15:50:08, 2023-09-12 21:36:36) <-- (may instantiate this module)
                        F:\MPFS_Projects\MPFS_ICICLE\component\work\PF_CCC_C0\PF_CCC_C0_0\PF_CCC_C0_PF_CCC_C0_0_PF_CCC.v (2023-08-08 15:50:08, 2023-09-12 21:36:36) <-- (may instantiate this module)
119      work.XCVR_TEST.verilog may have changed because the following files changed:
                        F:\MPFS_Projects\MPFS_ICICLE\component\polarfire_syn_comps.v (2023-08-08 16:39:11, 2023-09-12 21:37:45) <-- (module definition)
                        F:\MPFS_Projects\MPFS_ICICLE\component\work\PF_CCC_C0\PF_CCC_C0.v (2023-08-08 15:50:08, 2023-09-12 21:36:36) <-- (may instantiate this module)
                        F:\MPFS_Projects\MPFS_ICICLE\component\work\PF_CCC_C0\PF_CCC_C0_0\PF_CCC_C0_PF_CCC_C0_0_PF_CCC.v (2023-08-08 15:50:08, 2023-09-12 21:36:36) <-- (may instantiate this module)
120      work.XCVR_VV.verilog may have changed because the following files changed:
                        F:\MPFS_Projects\MPFS_ICICLE\component\polarfire_syn_comps.v (2023-08-08 16:39:11, 2023-09-12 21:37:45) <-- (module definition)
                        F:\MPFS_Projects\MPFS_ICICLE\component\work\PF_CCC_C0\PF_CCC_C0.v (2023-08-08 15:50:08, 2023-09-12 21:36:36) <-- (may instantiate this module)
                        F:\MPFS_Projects\MPFS_ICICLE\component\work\PF_CCC_C0\PF_CCC_C0_0\PF_CCC_C0_PF_CCC_C0_0_PF_CCC.v (2023-08-08 15:50:08, 2023-09-12 21:36:36) <-- (may instantiate this module)

*******************************************************************
Unmodified files: 147
FID:  path (timestamp)
0        D:\Microchip\Libero_SoC_v2022.2\SynplifyPro\lib\generic\acg5.v (2022-06-23 20:48:46)
1        D:\Microchip\Libero_SoC_v2022.2\SynplifyPro\lib\vlog\hypermods.v (2022-06-23 20:48:48)
2        D:\Microchip\Libero_SoC_v2022.2\SynplifyPro\lib\vlog\scemi_objects.v (2022-06-23 20:48:48)
3        D:\Microchip\Libero_SoC_v2022.2\SynplifyPro\lib\vlog\scemi_pipes.svh (2022-06-23 20:48:48)
4        D:\Microchip\Libero_SoC_v2022.2\SynplifyPro\lib\vlog\umr_capim.v (2022-06-23 20:48:48)
5        F:\MPFS_Projects\MPFS_ICICLE\component\Actel\DirectCore\COREAXI4INTERCONNECT\2.8.103\rtl\vlog\core\Axi4Convertors\AHBL_Ctrl.v (2022-11-21 18:17:48)
6        F:\MPFS_Projects\MPFS_ICICLE\component\Actel\DirectCore\COREAXI4INTERCONNECT\2.8.103\rtl\vlog\core\Axi4Convertors\AHB_SM.v (2022-11-21 18:17:48)
7        F:\MPFS_Projects\MPFS_ICICLE\component\Actel\DirectCore\COREAXI4INTERCONNECT\2.8.103\rtl\vlog\core\Axi4Convertors\AXI4_Read_Ctrl.v (2022-11-21 18:17:48)
8        F:\MPFS_Projects\MPFS_ICICLE\component\Actel\DirectCore\COREAXI4INTERCONNECT\2.8.103\rtl\vlog\core\Axi4Convertors\AXI4_Write_Ctrl.v (2022-11-21 18:17:48)
9        F:\MPFS_Projects\MPFS_ICICLE\component\Actel\DirectCore\COREAXI4INTERCONNECT\2.8.103\rtl\vlog\core\Axi4Convertors\Bin2Gray.v (2022-11-21 18:17:48)
10       F:\MPFS_Projects\MPFS_ICICLE\component\Actel\DirectCore\COREAXI4INTERCONNECT\2.8.103\rtl\vlog\core\Axi4Convertors\CDC_FIFO.v (2022-11-21 18:17:48)
11       F:\MPFS_Projects\MPFS_ICICLE\component\Actel\DirectCore\COREAXI4INTERCONNECT\2.8.103\rtl\vlog\core\Axi4Convertors\CDC_grayCodeCounter.v (2022-11-21 18:17:48)
12       F:\MPFS_Projects\MPFS_ICICLE\component\Actel\DirectCore\COREAXI4INTERCONNECT\2.8.103\rtl\vlog\core\Axi4Convertors\CDC_rdCtrl.v (2022-11-21 18:17:48)
13       F:\MPFS_Projects\MPFS_ICICLE\component\Actel\DirectCore\COREAXI4INTERCONNECT\2.8.103\rtl\vlog\core\Axi4Convertors\CDC_wrCtrl.v (2022-11-21 18:17:48)
14       F:\MPFS_Projects\MPFS_ICICLE\component\Actel\DirectCore\COREAXI4INTERCONNECT\2.8.103\rtl\vlog\core\Axi4Convertors\DWC_DownConv_CmdFifoWriteCtrl.v (2022-11-21 18:17:48)
15       F:\MPFS_Projects\MPFS_ICICLE\component\Actel\DirectCore\COREAXI4INTERCONNECT\2.8.103\rtl\vlog\core\Axi4Convertors\DWC_DownConv_Hold_Reg_Rd.v (2022-11-21 18:17:48)
16       F:\MPFS_Projects\MPFS_ICICLE\component\Actel\DirectCore\COREAXI4INTERCONNECT\2.8.103\rtl\vlog\core\Axi4Convertors\DWC_DownConv_Hold_Reg_Wr.v (2022-11-21 18:17:48)
17       F:\MPFS_Projects\MPFS_ICICLE\component\Actel\DirectCore\COREAXI4INTERCONNECT\2.8.103\rtl\vlog\core\Axi4Convertors\DWC_DownConv_preCalcCmdFifoWrCtrl.v (2022-11-21 18:17:48)
18       F:\MPFS_Projects\MPFS_ICICLE\component\Actel\DirectCore\COREAXI4INTERCONNECT\2.8.103\rtl\vlog\core\Axi4Convertors\DWC_DownConv_readWidthConv.v (2022-11-21 18:17:48)
19       F:\MPFS_Projects\MPFS_ICICLE\component\Actel\DirectCore\COREAXI4INTERCONNECT\2.8.103\rtl\vlog\core\Axi4Convertors\DWC_DownConv_widthConvrd.v (2022-11-21 18:17:48)
20       F:\MPFS_Projects\MPFS_ICICLE\component\Actel\DirectCore\COREAXI4INTERCONNECT\2.8.103\rtl\vlog\core\Axi4Convertors\DWC_DownConv_widthConvwr.v (2022-11-21 18:17:48)
21       F:\MPFS_Projects\MPFS_ICICLE\component\Actel\DirectCore\COREAXI4INTERCONNECT\2.8.103\rtl\vlog\core\Axi4Convertors\DWC_DownConv_writeWidthConv.v (2022-11-21 18:17:48)
22       F:\MPFS_Projects\MPFS_ICICLE\component\Actel\DirectCore\COREAXI4INTERCONNECT\2.8.103\rtl\vlog\core\Axi4Convertors\DWC_UpConv_AChannel.v (2022-11-21 18:17:48)
23       F:\MPFS_Projects\MPFS_ICICLE\component\Actel\DirectCore\COREAXI4INTERCONNECT\2.8.103\rtl\vlog\core\Axi4Convertors\DWC_UpConv_BChannel.v (2022-11-21 18:17:48)
24       F:\MPFS_Projects\MPFS_ICICLE\component\Actel\DirectCore\COREAXI4INTERCONNECT\2.8.103\rtl\vlog\core\Axi4Convertors\DWC_UpConv_RChan_Ctrl.v (2022-11-21 18:17:48)
25       F:\MPFS_Projects\MPFS_ICICLE\component\Actel\DirectCore\COREAXI4INTERCONNECT\2.8.103\rtl\vlog\core\Axi4Convertors\DWC_UpConv_RChannel.v (2022-11-21 18:17:48)
26       F:\MPFS_Projects\MPFS_ICICLE\component\Actel\DirectCore\COREAXI4INTERCONNECT\2.8.103\rtl\vlog\core\Axi4Convertors\DWC_UpConv_RChannel_SlvRid_Arb.v (2022-11-21 18:17:48)
27       F:\MPFS_Projects\MPFS_ICICLE\component\Actel\DirectCore\COREAXI4INTERCONNECT\2.8.103\rtl\vlog\core\Axi4Convertors\DWC_UpConv_WChan_Hold_Reg.v (2022-11-21 18:17:48)
28       F:\MPFS_Projects\MPFS_ICICLE\component\Actel\DirectCore\COREAXI4INTERCONNECT\2.8.103\rtl\vlog\core\Axi4Convertors\DWC_UpConv_WChan_ReadDataFifoCtrl.v (2022-11-21 18:17:48)
29       F:\MPFS_Projects\MPFS_ICICLE\component\Actel\DirectCore\COREAXI4INTERCONNECT\2.8.103\rtl\vlog\core\Axi4Convertors\DWC_UpConv_WChannel.v (2022-11-21 18:17:48)
30       F:\MPFS_Projects\MPFS_ICICLE\component\Actel\DirectCore\COREAXI4INTERCONNECT\2.8.103\rtl\vlog\core\Axi4Convertors\DWC_UpConv_Wchan_WriteDataFifoCtrl.v (2022-11-21 18:17:48)
31       F:\MPFS_Projects\MPFS_ICICLE\component\Actel\DirectCore\COREAXI4INTERCONNECT\2.8.103\rtl\vlog\core\Axi4Convertors\DWC_UpConv_preCalcAChannel.v (2022-11-21 18:17:48)
32       F:\MPFS_Projects\MPFS_ICICLE\component\Actel\DirectCore\COREAXI4INTERCONNECT\2.8.103\rtl\vlog\core\Axi4Convertors\DWC_UpConv_preCalcRChan_Ctrl.v (2022-11-21 18:17:48)
33       F:\MPFS_Projects\MPFS_ICICLE\component\Actel\DirectCore\COREAXI4INTERCONNECT\2.8.103\rtl\vlog\core\Axi4Convertors\DWC_brespCtrl.v (2022-11-21 18:17:48)
34       F:\MPFS_Projects\MPFS_ICICLE\component\Actel\DirectCore\COREAXI4INTERCONNECT\2.8.103\rtl\vlog\core\Axi4Convertors\DownConverter.v (2022-11-21 18:17:48)
35       F:\MPFS_Projects\MPFS_ICICLE\component\Actel\DirectCore\COREAXI4INTERCONNECT\2.8.103\rtl\vlog\core\Axi4Convertors\FIFO.v (2022-11-21 18:17:48)
36       F:\MPFS_Projects\MPFS_ICICLE\component\Actel\DirectCore\COREAXI4INTERCONNECT\2.8.103\rtl\vlog\core\Axi4Convertors\FIFO_CTRL.v (2022-11-21 18:17:48)
37       F:\MPFS_Projects\MPFS_ICICLE\component\Actel\DirectCore\COREAXI4INTERCONNECT\2.8.103\rtl\vlog\core\Axi4Convertors\FIFO_downsizing.v (2022-11-21 18:17:48)
38       F:\MPFS_Projects\MPFS_ICICLE\component\Actel\DirectCore\COREAXI4INTERCONNECT\2.8.103\rtl\vlog\core\Axi4Convertors\FIFO_upsizing.v (2022-11-21 18:17:48)
39       F:\MPFS_Projects\MPFS_ICICLE\component\Actel\DirectCore\COREAXI4INTERCONNECT\2.8.103\rtl\vlog\core\Axi4Convertors\Hold_Reg_Ctrl.v (2022-11-21 18:17:48)
40       F:\MPFS_Projects\MPFS_ICICLE\component\Actel\DirectCore\COREAXI4INTERCONNECT\2.8.103\rtl\vlog\core\Axi4Convertors\MasterConvertor.v (2022-11-21 18:17:48)
41       F:\MPFS_Projects\MPFS_ICICLE\component\Actel\DirectCore\COREAXI4INTERCONNECT\2.8.103\rtl\vlog\core\Axi4Convertors\MstrAHBtoAXI4Converter.v (2022-11-21 18:17:48)
42       F:\MPFS_Projects\MPFS_ICICLE\component\Actel\DirectCore\COREAXI4INTERCONNECT\2.8.103\rtl\vlog\core\Axi4Convertors\MstrClockDomainCrossing.v (2022-11-21 18:17:48)
43       F:\MPFS_Projects\MPFS_ICICLE\component\Actel\DirectCore\COREAXI4INTERCONNECT\2.8.103\rtl\vlog\core\Axi4Convertors\MstrDataWidthConv.v (2022-11-21 18:17:48)
44       F:\MPFS_Projects\MPFS_ICICLE\component\Actel\DirectCore\COREAXI4INTERCONNECT\2.8.103\rtl\vlog\core\Axi4Convertors\MstrProtocolConverter.v (2022-11-21 18:17:48)
45       F:\MPFS_Projects\MPFS_ICICLE\component\Actel\DirectCore\COREAXI4INTERCONNECT\2.8.103\rtl\vlog\core\Axi4Convertors\RAM_BLOCK.v (2022-11-21 18:17:48)
46       F:\MPFS_Projects\MPFS_ICICLE\component\Actel\DirectCore\COREAXI4INTERCONNECT\2.8.103\rtl\vlog\core\Axi4Convertors\RegSliceFull.v (2022-11-21 18:17:48)
47       F:\MPFS_Projects\MPFS_ICICLE\component\Actel\DirectCore\COREAXI4INTERCONNECT\2.8.103\rtl\vlog\core\Axi4Convertors\RegisterSlice.v (2022-11-21 18:17:48)
48       F:\MPFS_Projects\MPFS_ICICLE\component\Actel\DirectCore\COREAXI4INTERCONNECT\2.8.103\rtl\vlog\core\Axi4Convertors\SlaveConvertor.v (2022-11-21 18:17:48)
49       F:\MPFS_Projects\MPFS_ICICLE\component\Actel\DirectCore\COREAXI4INTERCONNECT\2.8.103\rtl\vlog\core\Axi4Convertors\SlvAxi4ProtConvAXI4ID.v (2022-11-21 18:17:48)
50       F:\MPFS_Projects\MPFS_ICICLE\component\Actel\DirectCore\COREAXI4INTERCONNECT\2.8.103\rtl\vlog\core\Axi4Convertors\SlvAxi4ProtConvRead.v (2022-11-21 18:17:48)
51       F:\MPFS_Projects\MPFS_ICICLE\component\Actel\DirectCore\COREAXI4INTERCONNECT\2.8.103\rtl\vlog\core\Axi4Convertors\SlvAxi4ProtConvWrite.v (2022-11-21 18:17:48)
52       F:\MPFS_Projects\MPFS_ICICLE\component\Actel\DirectCore\COREAXI4INTERCONNECT\2.8.103\rtl\vlog\core\Axi4Convertors\SlvAxi4ProtocolConv.v (2022-11-21 18:17:48)
53       F:\MPFS_Projects\MPFS_ICICLE\component\Actel\DirectCore\COREAXI4INTERCONNECT\2.8.103\rtl\vlog\core\Axi4Convertors\SlvClockDomainCrossing.v (2022-11-21 18:17:48)
54       F:\MPFS_Projects\MPFS_ICICLE\component\Actel\DirectCore\COREAXI4INTERCONNECT\2.8.103\rtl\vlog\core\Axi4Convertors\SlvDataWidthConverter.v (2022-11-21 18:17:48)
55       F:\MPFS_Projects\MPFS_ICICLE\component\Actel\DirectCore\COREAXI4INTERCONNECT\2.8.103\rtl\vlog\core\Axi4Convertors\SlvProtocolConverter.v (2022-11-21 18:17:48)
56       F:\MPFS_Projects\MPFS_ICICLE\component\Actel\DirectCore\COREAXI4INTERCONNECT\2.8.103\rtl\vlog\core\Axi4Convertors\UpConverter.v (2022-11-21 18:17:48)
57       F:\MPFS_Projects\MPFS_ICICLE\component\Actel\DirectCore\COREAXI4INTERCONNECT\2.8.103\rtl\vlog\core\Axi4Convertors\byte2bit.v (2022-11-21 18:17:48)
58       F:\MPFS_Projects\MPFS_ICICLE\component\Actel\DirectCore\COREAXI4INTERCONNECT\2.8.103\rtl\vlog\core\Axi4CrossBar\AddressController.v (2022-11-21 18:17:48)
59       F:\MPFS_Projects\MPFS_ICICLE\component\Actel\DirectCore\COREAXI4INTERCONNECT\2.8.103\rtl\vlog\core\Axi4CrossBar\Axi4CrossBar.v (2022-11-21 18:17:48)
60       F:\MPFS_Projects\MPFS_ICICLE\component\Actel\DirectCore\COREAXI4INTERCONNECT\2.8.103\rtl\vlog\core\Axi4CrossBar\BitScan0.v (2022-11-21 18:17:48)
61       F:\MPFS_Projects\MPFS_ICICLE\component\Actel\DirectCore\COREAXI4INTERCONNECT\2.8.103\rtl\vlog\core\Axi4CrossBar\DERR_Slave.v (2022-11-21 18:17:48)
62       F:\MPFS_Projects\MPFS_ICICLE\component\Actel\DirectCore\COREAXI4INTERCONNECT\2.8.103\rtl\vlog\core\Axi4CrossBar\DependenceChecker.v (2022-11-21 18:17:48)
63       F:\MPFS_Projects\MPFS_ICICLE\component\Actel\DirectCore\COREAXI4INTERCONNECT\2.8.103\rtl\vlog\core\Axi4CrossBar\DualPort_FF_SyncWr_SyncRd.v (2022-11-21 18:17:48)
64       F:\MPFS_Projects\MPFS_ICICLE\component\Actel\DirectCore\COREAXI4INTERCONNECT\2.8.103\rtl\vlog\core\Axi4CrossBar\DualPort_Ram_SyncWr_SyncRd.v (2022-11-21 18:17:48)
65       F:\MPFS_Projects\MPFS_ICICLE\component\Actel\DirectCore\COREAXI4INTERCONNECT\2.8.103\rtl\vlog\core\Axi4CrossBar\FifoDualPort.v (2022-11-21 18:17:48)
66       F:\MPFS_Projects\MPFS_ICICLE\component\Actel\DirectCore\COREAXI4INTERCONNECT\2.8.103\rtl\vlog\core\Axi4CrossBar\MasterAddressDecoder.v (2022-11-21 18:17:48)
67       F:\MPFS_Projects\MPFS_ICICLE\component\Actel\DirectCore\COREAXI4INTERCONNECT\2.8.103\rtl\vlog\core\Axi4CrossBar\MasterControl.v (2022-11-21 18:17:48)
68       F:\MPFS_Projects\MPFS_ICICLE\component\Actel\DirectCore\COREAXI4INTERCONNECT\2.8.103\rtl\vlog\core\Axi4CrossBar\RDataController.v (2022-11-21 18:17:48)
69       F:\MPFS_Projects\MPFS_ICICLE\component\Actel\DirectCore\COREAXI4INTERCONNECT\2.8.103\rtl\vlog\core\Axi4CrossBar\RdFifoDualPort.v (2022-11-21 18:17:48)
70       F:\MPFS_Projects\MPFS_ICICLE\component\Actel\DirectCore\COREAXI4INTERCONNECT\2.8.103\rtl\vlog\core\Axi4CrossBar\ReadDataController.v (2022-11-21 18:17:48)
71       F:\MPFS_Projects\MPFS_ICICLE\component\Actel\DirectCore\COREAXI4INTERCONNECT\2.8.103\rtl\vlog\core\Axi4CrossBar\ReadDataMux.v (2022-11-21 18:17:48)
72       F:\MPFS_Projects\MPFS_ICICLE\component\Actel\DirectCore\COREAXI4INTERCONNECT\2.8.103\rtl\vlog\core\Axi4CrossBar\RequestQual.v (2022-11-21 18:17:48)
73       F:\MPFS_Projects\MPFS_ICICLE\component\Actel\DirectCore\COREAXI4INTERCONNECT\2.8.103\rtl\vlog\core\Axi4CrossBar\ResetSycnc.v (2022-11-21 18:17:48)
74       F:\MPFS_Projects\MPFS_ICICLE\component\Actel\DirectCore\COREAXI4INTERCONNECT\2.8.103\rtl\vlog\core\Axi4CrossBar\RespController.v (2022-11-21 18:17:48)
75       F:\MPFS_Projects\MPFS_ICICLE\component\Actel\DirectCore\COREAXI4INTERCONNECT\2.8.103\rtl\vlog\core\Axi4CrossBar\Revision.v (2022-11-21 18:17:48)
76       F:\MPFS_Projects\MPFS_ICICLE\component\Actel\DirectCore\COREAXI4INTERCONNECT\2.8.103\rtl\vlog\core\Axi4CrossBar\RoundRobinArb.v (2022-11-21 18:17:48)
77       F:\MPFS_Projects\MPFS_ICICLE\component\Actel\DirectCore\COREAXI4INTERCONNECT\2.8.103\rtl\vlog\core\Axi4CrossBar\SlaveDataMuxController.v (2022-11-21 18:17:48)
78       F:\MPFS_Projects\MPFS_ICICLE\component\Actel\DirectCore\COREAXI4INTERCONNECT\2.8.103\rtl\vlog\core\Axi4CrossBar\TargetMuxController.v (2022-11-21 18:17:48)
79       F:\MPFS_Projects\MPFS_ICICLE\component\Actel\DirectCore\COREAXI4INTERCONNECT\2.8.103\rtl\vlog\core\Axi4CrossBar\TransactionController.v (2022-11-21 18:17:48)
80       F:\MPFS_Projects\MPFS_ICICLE\component\Actel\DirectCore\COREAXI4INTERCONNECT\2.8.103\rtl\vlog\core\Axi4CrossBar\WDataController.v (2022-11-21 18:17:48)
81       F:\MPFS_Projects\MPFS_ICICLE\component\Actel\DirectCore\COREAXI4INTERCONNECT\2.8.103\rtl\vlog\core\Axi4CrossBar\WriteDataMux.v (2022-11-21 18:17:48)
82       F:\MPFS_Projects\MPFS_ICICLE\component\Actel\DirectCore\COREAXI4INTERCONNECT\2.8.103\rtl\vlog\core\CoreAxi4Interconnect.v (2022-11-21 18:17:48)
83       F:\MPFS_Projects\MPFS_ICICLE\component\Actel\DirectCore\CoreAPB3\4.2.100\rtl\vlog\core\coreapb3.v (2022-11-21 18:18:58)
84       F:\MPFS_Projects\MPFS_ICICLE\component\Actel\DirectCore\CoreAPB3\4.2.100\rtl\vlog\core\coreapb3_iaddr_reg.v (2022-11-21 18:18:58)
85       F:\MPFS_Projects\MPFS_ICICLE\component\Actel\DirectCore\CoreAPB3\4.2.100\rtl\vlog\core\coreapb3_muxptob3.v (2022-11-21 18:18:58)
86       F:\MPFS_Projects\MPFS_ICICLE\component\Actel\SgCore\PF_PCIE\2.0.116\g5_apblink_master.v (2022-11-21 18:18:25)
88       F:\MPFS_Projects\MPFS_ICICLE\component\work\CLK_DIV\CLK_DIV.v (2022-12-12 18:35:13)
89       F:\MPFS_Projects\MPFS_ICICLE\component\work\CLK_DIV\CLK_DIV_0\CLK_DIV_CLK_DIV_0_PF_CLK_DIV.v (2022-12-12 18:35:13)
90       F:\MPFS_Projects\MPFS_ICICLE\component\work\CLOCKS_AND_RESETS\CLOCKS_AND_RESETS.v (2022-12-12 18:35:31)
91       F:\MPFS_Projects\MPFS_ICICLE\component\work\CORERESET\CORERESET.v (2023-07-01 18:22:40)
92       F:\MPFS_Projects\MPFS_ICICLE\component\work\CORERESET\CORERESET_0\core\corereset_pf.v (2023-07-01 18:22:39)
93       F:\MPFS_Projects\MPFS_ICICLE\component\work\FIC0_INITIATOR\FIC0_INITIATOR.v (2023-03-28 21:07:37)
94       F:\MPFS_Projects\MPFS_ICICLE\component\work\FIC_0_PERIPHERALS\FIC_0_PERIPHERALS.v (2023-04-11 09:22:41)
95       F:\MPFS_Projects\MPFS_ICICLE\component\work\FIC_1_INITIATOR\FIC_1_INITIATOR.v (2022-12-12 18:36:04)
96       F:\MPFS_Projects\MPFS_ICICLE\component\work\FIC_1_PERIPHERALS\FIC_1_PERIPHERALS.v (2022-12-12 18:36:34)
97       F:\MPFS_Projects\MPFS_ICICLE\component\work\FIC_3_0x4000_0xxx\FIC_3_0x4000_0xxx.v (2023-03-29 11:14:22)
98       F:\MPFS_Projects\MPFS_ICICLE\component\work\FIC_3_0x4FFF_Fxxx\FIC_3_0x4FFF_Fxxx.v (2022-12-12 18:36:51)
99       F:\MPFS_Projects\MPFS_ICICLE\component\work\FIC_3_0x4xxx_xxxx\FIC_3_0x4xxx_xxxx.v (2023-03-24 15:17:02)
100      F:\MPFS_Projects\MPFS_ICICLE\component\work\FIC_3_ADDRESS_GENERATION\FIC_3_ADDRESS_GENERATION.v (2023-03-29 11:17:41)
101      F:\MPFS_Projects\MPFS_ICICLE\component\work\FIC_3_PERIPHERALS\FIC_3_PERIPHERALS.v (2023-03-29 11:18:16)
102      F:\MPFS_Projects\MPFS_ICICLE\component\work\GLITCHLESS_MUX\GLITCHLESS_MUX.v (2022-12-12 18:35:15)
103      F:\MPFS_Projects\MPFS_ICICLE\component\work\GLITCHLESS_MUX\GLITCHLESS_MUX_0\GLITCHLESS_MUX_GLITCHLESS_MUX_0_PF_NGMUX.v (2022-12-12 18:35:15)
104      F:\MPFS_Projects\MPFS_ICICLE\component\work\GPIO\GPIO.v (2023-02-28 09:52:26)
105      F:\MPFS_Projects\MPFS_ICICLE\component\work\GPIO\GPIO_0\rtl\vlog\core\coregpio.v (2023-02-28 09:52:26)
106      F:\MPFS_Projects\MPFS_ICICLE\component\work\ICICLE_MSS\ICICLE_MSS.v (2023-02-27 20:37:50)
107      F:\MPFS_Projects\MPFS_ICICLE\component\work\ICICLE_MSS\MSS_NOBYP_NOBYP_NOBYP_BYP_BYP_syn_comps.v (2023-02-27 20:37:50)
108      F:\MPFS_Projects\MPFS_ICICLE\component\work\IHC_APB\IHC_APB.v (2022-12-12 18:37:10)
109      F:\MPFS_Projects\MPFS_ICICLE\component\work\IHC_SUBSYSTEM\IHC_SUBSYSTEM.v (2022-12-12 18:37:40)
110      F:\MPFS_Projects\MPFS_ICICLE\component\work\INIT_MONITOR\INIT_MONITOR.v (2022-12-12 18:35:16)
111      F:\MPFS_Projects\MPFS_ICICLE\component\work\INIT_MONITOR\INIT_MONITOR_0\INIT_MONITOR_INIT_MONITOR_0_PFSOC_INIT_MONITOR.v (2022-12-12 18:35:16)
112      F:\MPFS_Projects\MPFS_ICICLE\component\work\MPFS_ICICLE_KIT_BASE_DESIGN\MPFS_ICICLE_KIT_BASE_DESIGN.v (2023-04-11 09:22:51)
113      F:\MPFS_Projects\MPFS_ICICLE\component\work\MSS_WRAPPER\MSS_WRAPPER.v (2023-03-24 15:21:08)
114      F:\MPFS_Projects\MPFS_ICICLE\component\work\OSCILLATOR_160MHz\OSCILLATOR_160MHz.v (2022-12-12 18:35:17)
115      F:\MPFS_Projects\MPFS_ICICLE\component\work\OSCILLATOR_160MHz\OSCILLATOR_160MHz_0\OSCILLATOR_160MHz_OSCILLATOR_160MHz_0_PF_OSC.v (2022-12-12 18:35:17)
116      F:\MPFS_Projects\MPFS_ICICLE\component\work\PCIE_INITIATOR\PCIE_INITIATOR.v (2022-12-12 18:36:07)
117      F:\MPFS_Projects\MPFS_ICICLE\component\work\PCIE_REF_CLK\PCIE_REF_CLK.v (2022-12-12 18:35:18)
118      F:\MPFS_Projects\MPFS_ICICLE\component\work\PCIE_REF_CLK\PCIE_REF_CLK_0\PCIE_REF_CLK_PCIE_REF_CLK_0_PF_XCVR_REF_CLK.v (2022-12-12 18:35:18)
121      F:\MPFS_Projects\MPFS_ICICLE\component\work\PF_PCIE_C0\PF_PCIE_C0.v (2022-12-12 18:36:12)
122      F:\MPFS_Projects\MPFS_ICICLE\component\work\PF_PCIE_C0\PF_PCIE_C0_0\PF_PCIE_C0_PF_PCIE_C0_0_PF_PCIE.v (2022-12-12 18:36:12)
123      F:\MPFS_Projects\MPFS_ICICLE\component\work\RECONFIGURATION_INTERFACE\RECONFIGURATION_INTERFACE.v (2022-12-12 18:37:42)
124      F:\MPFS_Projects\MPFS_ICICLE\component\work\RECONFIGURATION_INTERFACE\RECONFIGURATION_INTERFACE_0\RECONFIGURATION_INTERFACE_RECONFIGURATION_INTERFACE_0_PF_DRI.v (2022-12-12 18:37:42)
125      F:\MPFS_Projects\MPFS_ICICLE\component\work\TRANSMIT_PLL\TRANSMIT_PLL.v (2022-12-12 18:35:22)
126      F:\MPFS_Projects\MPFS_ICICLE\component\work\TRANSMIT_PLL\TRANSMIT_PLL_0\TRANSMIT_PLL_TRANSMIT_PLL_0_PF_TX_PLL.v (2022-12-12 18:35:22)
127      F:\MPFS_Projects\MPFS_ICICLE\hdl\APB_PASS_THROUGH.v (2022-12-12 18:35:08)
128      F:\MPFS_Projects\MPFS_ICICLE\hdl\AXI4_address_shim.v (2022-12-12 18:35:08)
129      F:\MPFS_Projects\MPFS_ICICLE\hdl\Core_Poly.v (2023-07-14 15:40:15)
130      F:\MPFS_Projects\MPFS_ICICLE\hdl\address_generator.v (2023-07-10 20:42:43)
131      F:\MPFS_Projects\MPFS_ICICLE\hdl\apb_arbiter.v (2022-12-12 18:35:08)
132      F:\MPFS_Projects\MPFS_ICICLE\hdl\arbiter.v (2023-03-02 14:52:38)
133      F:\MPFS_Projects\MPFS_ICICLE\hdl\conflict_free_memory_map.v (2023-06-25 18:51:36)
134      F:\MPFS_Projects\MPFS_ICICLE\hdl\delay.v (2023-03-02 18:43:04)
135      F:\MPFS_Projects\MPFS_ICICLE\hdl\fabric_sd_emmc_demux_select.v (2023-03-01 15:12:10)
136      F:\MPFS_Projects\MPFS_ICICLE\hdl\fp_modop.v (2023-08-08 16:38:33)
137      F:\MPFS_Projects\MPFS_ICICLE\hdl\miv_ihcc.v (2022-12-12 18:35:09)
138      F:\MPFS_Projects\MPFS_ICICLE\hdl\miv_ihcc_ctrl.v (2022-12-12 18:35:09)
139      F:\MPFS_Projects\MPFS_ICICLE\hdl\miv_ihcc_irqs.v (2022-12-12 18:35:09)
140      F:\MPFS_Projects\MPFS_ICICLE\hdl\miv_ihcc_mem.v (2022-12-12 18:35:08)
141      F:\MPFS_Projects\MPFS_ICICLE\hdl\miv_ihcia.v (2022-12-12 18:35:08)
142      F:\MPFS_Projects\MPFS_ICICLE\hdl\network_bank_in.v (2023-03-02 18:25:20)
143      F:\MPFS_Projects\MPFS_ICICLE\hdl\network_bf_in.v (2023-03-02 18:37:50)
144      F:\MPFS_Projects\MPFS_ICICLE\hdl\network_bf_out.v (2023-07-10 10:50:09)
145      F:\MPFS_Projects\MPFS_ICICLE\hdl\poly_bank.v (2023-07-04 19:54:57)
146      F:\MPFS_Projects\MPFS_ICICLE\hdl\poly_mul.v (2023-07-10 20:39:06)
147      F:\MPFS_Projects\MPFS_ICICLE\hdl\poly_ram.v (2023-07-10 10:46:17)
148      F:\MPFS_Projects\MPFS_ICICLE\hdl\polyvec_ram.v (2023-07-04 19:55:26)
149      F:\MPFS_Projects\MPFS_ICICLE\hdl\tf_ROM.v (2023-07-04 20:24:53)

*******************************************************************
Unchanged modules: 146
MID:  lib.cell.view
0        COREAPB3_LIB.COREAPB3_MUXPTOB3.verilog
1        COREAPB3_LIB.CoreAPB3.verilog
2        COREAPB3_LIB.coreapb3_iaddr_reg.verilog
5        work.APB_ARBITER.verilog
6        work.APB_PASS_THROUGH.verilog
7        work.AXI_ADDRESS_SHIM.verilog
14       work.CLK_DIV.verilog
15       work.CLK_DIV_CLK_DIV_0_PF_CLK_DIV.verilog
16       work.CLOCKS_AND_RESETS.verilog
17       work.COREAXI4INTERCONNECT.verilog
19       work.CORERESET.verilog
20       work.CORERESET_CORERESET_0_CORERESET_PF.verilog
25       work.Core_Poly.verilog
30       work.FIC0_INITIATOR.verilog
31       work.FIC_0_PERIPHERALS.verilog
32       work.FIC_1_INITIATOR.verilog
33       work.FIC_1_PERIPHERALS.verilog
34       work.FIC_3_0x4000_0xxx.verilog
35       work.FIC_3_0x4FFF_Fxxx.verilog
36       work.FIC_3_0x4xxx_xxxx.verilog
37       work.FIC_3_ADDRESS_GENERATION.verilog
38       work.FIC_3_PERIPHERALS.verilog
39       work.G5_APBLINK_MASTER.verilog
41       work.GLITCHLESS_MUX.verilog
42       work.GLITCHLESS_MUX_GLITCHLESS_MUX_0_PF_NGMUX.verilog
43       work.GPIO.verilog
44       work.GPIO_GPIO_0_CoreGPIO.verilog
56       work.ICICLE_MSS.verilog
57       work.IHC_APB.verilog
58       work.IHC_SUBSYSTEM.verilog
60       work.INIT_MONITOR.verilog
61       work.INIT_MONITOR_INIT_MONITOR_0_PFSOC_INIT_MONITOR.verilog
65       work.MIV_IHCC.verilog
66       work.MIV_IHCIA.verilog
67       work.MPFS_ICICLE_KIT_BASE_DESIGN.verilog
68       work.MSS.verilog
69       work.MSS_WRAPPER.verilog
70       work.OSCILLATOR_160MHz.verilog
71       work.OSCILLATOR_160MHz_OSCILLATOR_160MHz_0_PF_OSC.verilog
77       work.PCIE_INITIATOR.verilog
78       work.PCIE_REF_CLK.verilog
79       work.PCIE_REF_CLK_PCIE_REF_CLK_0_PF_XCVR_REF_CLK.verilog
83       work.PF_PCIE_C0.verilog
84       work.PF_PCIE_C0_PF_PCIE_C0_0_PF_PCIE.verilog
89       work.RECONFIGURATION_INTERFACE.verilog
90       work.RECONFIGURATION_INTERFACE_RECONFIGURATION_INTERFACE_0_PF_DRI.verilog
96       work.TRANSMIT_PLL.verilog
97       work.TRANSMIT_PLL_TRANSMIT_PLL_0_PF_TX_PLL.verilog
121      work.add_rd.verilog
122      work.address_generator.verilog
123      work.arbiter.verilog
124      work.caxi4interconnect_AHBL_Ctrl.verilog
125      work.caxi4interconnect_AHB_SM.verilog
126      work.caxi4interconnect_AXI4_Read_Ctrl.verilog
127      work.caxi4interconnect_AXI4_Write_Ctrl.verilog
128      work.caxi4interconnect_AddressController.verilog
129      work.caxi4interconnect_Axi4CrossBar.verilog
130      work.caxi4interconnect_Bin2Gray.verilog
131      work.caxi4interconnect_BitScan0.verilog
132      work.caxi4interconnect_CDC_FIFO.verilog
133      work.caxi4interconnect_CDC_grayCodeCounter.verilog
134      work.caxi4interconnect_CDC_rdCtrl.verilog
135      work.caxi4interconnect_CDC_wrCtrl.verilog
136      work.caxi4interconnect_DERR_Slave.verilog
137      work.caxi4interconnect_DWC_DownConv_CmdFifoWriteCtrl.verilog
138      work.caxi4interconnect_DWC_DownConv_Hold_Reg_Rd.verilog
139      work.caxi4interconnect_DWC_DownConv_Hold_Reg_Wr.verilog
140      work.caxi4interconnect_DWC_DownConv_preCalcCmdFifoWrCtrl.verilog
141      work.caxi4interconnect_DWC_DownConv_readWidthConv.verilog
142      work.caxi4interconnect_DWC_DownConv_widthConvrd.verilog
143      work.caxi4interconnect_DWC_DownConv_widthConvwr.verilog
144      work.caxi4interconnect_DWC_DownConv_writeWidthConv.verilog
145      work.caxi4interconnect_DWC_RChannel_SlvRid_Arb.verilog
146      work.caxi4interconnect_DWC_UpConv_AChannel.verilog
147      work.caxi4interconnect_DWC_UpConv_BChannel.verilog
148      work.caxi4interconnect_DWC_UpConv_RChan_Ctrl.verilog
149      work.caxi4interconnect_DWC_UpConv_RChannel.verilog
150      work.caxi4interconnect_DWC_UpConv_WChan_Hold_Reg.verilog
151      work.caxi4interconnect_DWC_UpConv_WChan_ReadDataFifoCtrl.verilog
152      work.caxi4interconnect_DWC_UpConv_WChannel.verilog
153      work.caxi4interconnect_DWC_UpConv_Wchan_WriteDataFifoCtrl.verilog
154      work.caxi4interconnect_DWC_UpConv_preCalcAChannel.verilog
155      work.caxi4interconnect_DWC_UpConv_preCalcRChan_Ctrl.verilog
156      work.caxi4interconnect_DWC_brespCtrl.verilog
157      work.caxi4interconnect_DependenceChecker.verilog
158      work.caxi4interconnect_DownConverter.verilog
159      work.caxi4interconnect_DualPort_FF_SyncWr_SyncRd.verilog
160      work.caxi4interconnect_DualPort_RAM_SyncWr_SyncRd.verilog
161      work.caxi4interconnect_FIFO.verilog
162      work.caxi4interconnect_FIFO_CTRL.verilog
163      work.caxi4interconnect_FIFO_downsizing.verilog
164      work.caxi4interconnect_FIFO_upsizing.verilog
165      work.caxi4interconnect_FifoDualPort.verilog
166      work.caxi4interconnect_Hold_Reg_Ctrl.verilog
167      work.caxi4interconnect_MasterAddressDecoder.verilog
168      work.caxi4interconnect_MasterControl.verilog
169      work.caxi4interconnect_MasterConvertor.verilog
170      work.caxi4interconnect_MstrAHBtoAXI4Converter.verilog
171      work.caxi4interconnect_MstrClockDomainCrossing.verilog
172      work.caxi4interconnect_MstrDataWidthConv.verilog
173      work.caxi4interconnect_MstrProtocolConverter.verilog
174      work.caxi4interconnect_RAM_BLOCK.verilog
175      work.caxi4interconnect_RDataController.verilog
176      work.caxi4interconnect_RdFifoDualPort.verilog
177      work.caxi4interconnect_ReadDataController.verilog
178      work.caxi4interconnect_ReadDataMux.verilog
179      work.caxi4interconnect_RegSliceFull.verilog
180      work.caxi4interconnect_RegisterSlice.verilog
181      work.caxi4interconnect_RequestQual.verilog
182      work.caxi4interconnect_ResetSycnc.verilog
183      work.caxi4interconnect_RespController.verilog
184      work.caxi4interconnect_RoundRobinArb.verilog
185      work.caxi4interconnect_SlaveConvertor.verilog
186      work.caxi4interconnect_SlaveDataMuxController.verilog
187      work.caxi4interconnect_SlvAxi4ProtConvAXI4ID.verilog
188      work.caxi4interconnect_SlvAxi4ProtConvRead.verilog
189      work.caxi4interconnect_SlvAxi4ProtConvWrite.verilog
190      work.caxi4interconnect_SlvAxi4ProtocolConv.verilog
191      work.caxi4interconnect_SlvClockDomainCrossing.verilog
192      work.caxi4interconnect_SlvDataWidthConverter.verilog
193      work.caxi4interconnect_SlvProtocolConverter.verilog
194      work.caxi4interconnect_TargetMuxController.verilog
195      work.caxi4interconnect_TransactionController.verilog
196      work.caxi4interconnect_UpConverter.verilog
197      work.caxi4interconnect_WDataController.verilog
198      work.caxi4interconnect_WriteDataMux.verilog
199      work.caxi4interconnect_byte2bit.verilog
200      work.caxi4interconnect_revision.verilog
201      work.conflict_free_memory_map.verilog
202      work.delay.verilog
203      work.fabric_sd_emmc_demux_select.verilog
204      work.miv_ihcc_ctrl.verilog
205      work.miv_ihcc_irqs.verilog
206      work.miv_ihcc_mem.verilog
207      work.mult_half.verilog
208      work.mult_rd.verilog
209      work.network_bank_in.verilog
210      work.network_bf_in.verilog
211      work.network_bf_out.verilog
212      work.poly_bank.verilog
213      work.poly_mul.verilog
214      work.poly_ram.verilog
215      work.polyvec_ram.verilog
216      work.sub_rd.verilog
217      work.tf0_ROM.verilog
218      work.tf1_ROM.verilog
