
Copyright (C) 1994-2021 Synopsys, Inc.
This Synopsys software and all associated documentation are proprietary to Synopsys, Inc.
and may only be used pursuant to the terms and conditions of a written license agreement
with Synopsys, Inc. All other use, reproduction, modification, or distribution of the
Synopsys software or the associated documentation is strictly prohibited.
Tool: Synplify Pro (R)
Build: S-2021.09M-SP1
Install: D:\Microchip\Libero_SoC_v2022.2\SynplifyPro
OS: Windows 10 or later
Hostname: DESKTOP-DD7N7QM

Implementation : synthesis
Synopsys HDL compiler and linker, Version comp202109synp2, Build 152R, Built Jun 14 2022 11:35:28, @

Modified Files: 3
FID:  path (prevtimestamp, timestamp)
83       E:\MPFS_Projects\Kyber_HW\component\polarfire_syn_comps.v (2023-12-12 21:31:56, 2024-01-06 16:15:49)
97       E:\MPFS_Projects\Kyber_HW\hdl\Core_Poly.v (2023-12-07 13:58:04, 2024-01-06 16:14:15)
98       E:\MPFS_Projects\Kyber_HW\hdl\address_generator.v (2023-12-07 15:41:37, 2024-01-06 16:10:06)

*******************************************************************
Modules that may have changed as a result of file changes: 91
MID:  lib.cell.view
0        work.APBM.verilog may have changed because the following files changed:
                        E:\MPFS_Projects\Kyber_HW\component\polarfire_syn_comps.v (2023-12-12 21:31:56, 2024-01-06 16:15:49) <-- (module definition)
1        work.APBS.verilog may have changed because the following files changed:
                        E:\MPFS_Projects\Kyber_HW\component\polarfire_syn_comps.v (2023-12-12 21:31:56, 2024-01-06 16:15:49) <-- (module definition)
2        work.BANKCTRLM.verilog may have changed because the following files changed:
                        E:\MPFS_Projects\Kyber_HW\component\polarfire_syn_comps.v (2023-12-12 21:31:56, 2024-01-06 16:15:49) <-- (module definition)
3        work.BANKCTRL_GPIO.verilog may have changed because the following files changed:
                        E:\MPFS_Projects\Kyber_HW\component\polarfire_syn_comps.v (2023-12-12 21:31:56, 2024-01-06 16:15:49) <-- (module definition)
4        work.BANKCTRL_HSIO.verilog may have changed because the following files changed:
                        E:\MPFS_Projects\Kyber_HW\component\polarfire_syn_comps.v (2023-12-12 21:31:56, 2024-01-06 16:15:49) <-- (module definition)
5        work.BANKEN.verilog may have changed because the following files changed:
                        E:\MPFS_Projects\Kyber_HW\component\polarfire_syn_comps.v (2023-12-12 21:31:56, 2024-01-06 16:15:49) <-- (module definition)
6        work.CLKBUF_DIFF.verilog may have changed because the following files changed:
                        E:\MPFS_Projects\Kyber_HW\component\polarfire_syn_comps.v (2023-12-12 21:31:56, 2024-01-06 16:15:49) <-- (module definition)
7        work.CLKBUF_DIFF_ODT.verilog may have changed because the following files changed:
                        E:\MPFS_Projects\Kyber_HW\component\polarfire_syn_comps.v (2023-12-12 21:31:56, 2024-01-06 16:15:49) <-- (module definition)
10       work.CORELNKTMR_V.verilog may have changed because the following files changed:
                        E:\MPFS_Projects\Kyber_HW\component\polarfire_syn_comps.v (2023-12-12 21:31:56, 2024-01-06 16:15:49) <-- (module definition)
13       work.CRN_COMMON.verilog may have changed because the following files changed:
                        E:\MPFS_Projects\Kyber_HW\component\polarfire_syn_comps.v (2023-12-12 21:31:56, 2024-01-06 16:15:49) <-- (module definition)
14       work.CRN_INT.verilog may have changed because the following files changed:
                        E:\MPFS_Projects\Kyber_HW\component\polarfire_syn_comps.v (2023-12-12 21:31:56, 2024-01-06 16:15:49) <-- (module definition)
15       work.CRYPTO.verilog may have changed because the following files changed:
                        E:\MPFS_Projects\Kyber_HW\component\polarfire_syn_comps.v (2023-12-12 21:31:56, 2024-01-06 16:15:49) <-- (module definition)
16       work.CRYPTO_SOC.verilog may have changed because the following files changed:
                        E:\MPFS_Projects\Kyber_HW\component\polarfire_syn_comps.v (2023-12-12 21:31:56, 2024-01-06 16:15:49) <-- (module definition)
17       work.Core_Poly.verilog may have changed because the following files changed:
                        E:\MPFS_Projects\Kyber_HW\hdl\Core_Poly.v (2023-12-07 13:58:04, 2024-01-06 16:14:15) <-- (module definition)
18       work.DEBUG.verilog may have changed because the following files changed:
                        E:\MPFS_Projects\Kyber_HW\component\polarfire_syn_comps.v (2023-12-12 21:31:56, 2024-01-06 16:15:49) <-- (module definition)
19       work.DLL.verilog may have changed because the following files changed:
                        E:\MPFS_Projects\Kyber_HW\component\polarfire_syn_comps.v (2023-12-12 21:31:56, 2024-01-06 16:15:49) <-- (module definition)
20       work.DRI.verilog may have changed because the following files changed:
                        E:\MPFS_Projects\Kyber_HW\component\polarfire_syn_comps.v (2023-12-12 21:31:56, 2024-01-06 16:15:49) <-- (module definition)
21       work.ENFORCE.verilog may have changed because the following files changed:
                        E:\MPFS_Projects\Kyber_HW\component\polarfire_syn_comps.v (2023-12-12 21:31:56, 2024-01-06 16:15:49) <-- (module definition)
24       work.GLITCHDETECT.verilog may have changed because the following files changed:
                        E:\MPFS_Projects\Kyber_HW\component\polarfire_syn_comps.v (2023-12-12 21:31:56, 2024-01-06 16:15:49) <-- (module definition)
25       work.GPSS_COMMON.verilog may have changed because the following files changed:
                        E:\MPFS_Projects\Kyber_HW\component\polarfire_syn_comps.v (2023-12-12 21:31:56, 2024-01-06 16:15:49) <-- (module definition)
26       work.HS_IO_CLK.verilog may have changed because the following files changed:
                        E:\MPFS_Projects\Kyber_HW\component\polarfire_syn_comps.v (2023-12-12 21:31:56, 2024-01-06 16:15:49) <-- (module definition)
27       work.ICB_BANKCLK.verilog may have changed because the following files changed:
                        E:\MPFS_Projects\Kyber_HW\component\polarfire_syn_comps.v (2023-12-12 21:31:56, 2024-01-06 16:15:49) <-- (module definition)
28       work.ICB_CLKDIV.verilog may have changed because the following files changed:
                        E:\MPFS_Projects\Kyber_HW\component\polarfire_syn_comps.v (2023-12-12 21:31:56, 2024-01-06 16:15:49) <-- (module definition)
29       work.ICB_CLKDIVDELAY.verilog may have changed because the following files changed:
                        E:\MPFS_Projects\Kyber_HW\component\polarfire_syn_comps.v (2023-12-12 21:31:56, 2024-01-06 16:15:49) <-- (module definition)
30       work.ICB_CLKINT.verilog may have changed because the following files changed:
                        E:\MPFS_Projects\Kyber_HW\component\polarfire_syn_comps.v (2023-12-12 21:31:56, 2024-01-06 16:15:49) <-- (module definition)
31       work.ICB_CLKSTOP.verilog may have changed because the following files changed:
                        E:\MPFS_Projects\Kyber_HW\component\polarfire_syn_comps.v (2023-12-12 21:31:56, 2024-01-06 16:15:49) <-- (module definition)
32       work.ICB_CLKSTOP_EN.verilog may have changed because the following files changed:
                        E:\MPFS_Projects\Kyber_HW\component\polarfire_syn_comps.v (2023-12-12 21:31:56, 2024-01-06 16:15:49) <-- (module definition)
33       work.ICB_INT.verilog may have changed because the following files changed:
                        E:\MPFS_Projects\Kyber_HW\component\polarfire_syn_comps.v (2023-12-12 21:31:56, 2024-01-06 16:15:49) <-- (module definition)
34       work.ICB_MUXING.verilog may have changed because the following files changed:
                        E:\MPFS_Projects\Kyber_HW\component\polarfire_syn_comps.v (2023-12-12 21:31:56, 2024-01-06 16:15:49) <-- (module definition)
35       work.ICB_NGMUX.verilog may have changed because the following files changed:
                        E:\MPFS_Projects\Kyber_HW\component\polarfire_syn_comps.v (2023-12-12 21:31:56, 2024-01-06 16:15:49) <-- (module definition)
37       work.INIT.verilog may have changed because the following files changed:
                        E:\MPFS_Projects\Kyber_HW\component\polarfire_syn_comps.v (2023-12-12 21:31:56, 2024-01-06 16:15:49) <-- (module definition)
40       work.IOD.verilog may have changed because the following files changed:
                        E:\MPFS_Projects\Kyber_HW\component\polarfire_syn_comps.v (2023-12-12 21:31:56, 2024-01-06 16:15:49) <-- (module definition)
41       work.LANECTRL.verilog may have changed because the following files changed:
                        E:\MPFS_Projects\Kyber_HW\component\polarfire_syn_comps.v (2023-12-12 21:31:56, 2024-01-06 16:15:49) <-- (module definition)
42       work.LANERST.verilog may have changed because the following files changed:
                        E:\MPFS_Projects\Kyber_HW\component\polarfire_syn_comps.v (2023-12-12 21:31:56, 2024-01-06 16:15:49) <-- (module definition)
46       work.OSC_RC160MHZ.verilog may have changed because the following files changed:
                        E:\MPFS_Projects\Kyber_HW\component\polarfire_syn_comps.v (2023-12-12 21:31:56, 2024-01-06 16:15:49) <-- (module definition)
47       work.OSC_RC200MHZ.verilog may have changed because the following files changed:
                        E:\MPFS_Projects\Kyber_HW\component\polarfire_syn_comps.v (2023-12-12 21:31:56, 2024-01-06 16:15:49) <-- (module definition)
48       work.OSC_RC2MHZ.verilog may have changed because the following files changed:
                        E:\MPFS_Projects\Kyber_HW\component\polarfire_syn_comps.v (2023-12-12 21:31:56, 2024-01-06 16:15:49) <-- (module definition)
49       work.PCIE.verilog may have changed because the following files changed:
                        E:\MPFS_Projects\Kyber_HW\component\polarfire_syn_comps.v (2023-12-12 21:31:56, 2024-01-06 16:15:49) <-- (module definition)
50       work.PCIE_COMMON.verilog may have changed because the following files changed:
                        E:\MPFS_Projects\Kyber_HW\component\polarfire_syn_comps.v (2023-12-12 21:31:56, 2024-01-06 16:15:49) <-- (module definition)
51       work.PFSOC_SCSM.verilog may have changed because the following files changed:
                        E:\MPFS_Projects\Kyber_HW\component\polarfire_syn_comps.v (2023-12-12 21:31:56, 2024-01-06 16:15:49) <-- (module definition)
54       work.PF_SPI.verilog may have changed because the following files changed:
                        E:\MPFS_Projects\Kyber_HW\component\polarfire_syn_comps.v (2023-12-12 21:31:56, 2024-01-06 16:15:49) <-- (module definition)
55       work.PLL.verilog may have changed because the following files changed:
                        E:\MPFS_Projects\Kyber_HW\component\polarfire_syn_comps.v (2023-12-12 21:31:56, 2024-01-06 16:15:49) <-- (module definition)
56       work.QUADRST.verilog may have changed because the following files changed:
                        E:\MPFS_Projects\Kyber_HW\component\polarfire_syn_comps.v (2023-12-12 21:31:56, 2024-01-06 16:15:49) <-- (module definition)
57       work.QUADRST_PCIE.verilog may have changed because the following files changed:
                        E:\MPFS_Projects\Kyber_HW\component\polarfire_syn_comps.v (2023-12-12 21:31:56, 2024-01-06 16:15:49) <-- (module definition)
58       work.SCB.verilog may have changed because the following files changed:
                        E:\MPFS_Projects\Kyber_HW\component\polarfire_syn_comps.v (2023-12-12 21:31:56, 2024-01-06 16:15:49) <-- (module definition)
59       work.SYSCTRL_RESET_STATUS.verilog may have changed because the following files changed:
                        E:\MPFS_Projects\Kyber_HW\component\polarfire_syn_comps.v (2023-12-12 21:31:56, 2024-01-06 16:15:49) <-- (module definition)
60       work.SYSRESET.verilog may have changed because the following files changed:
                        E:\MPFS_Projects\Kyber_HW\component\polarfire_syn_comps.v (2023-12-12 21:31:56, 2024-01-06 16:15:49) <-- (module definition)
61       work.SYS_SERVICES.verilog may have changed because the following files changed:
                        E:\MPFS_Projects\Kyber_HW\component\polarfire_syn_comps.v (2023-12-12 21:31:56, 2024-01-06 16:15:49) <-- (module definition)
62       work.TAMPER.verilog may have changed because the following files changed:
                        E:\MPFS_Projects\Kyber_HW\component\polarfire_syn_comps.v (2023-12-12 21:31:56, 2024-01-06 16:15:49) <-- (module definition)
63       work.TVS.verilog may have changed because the following files changed:
                        E:\MPFS_Projects\Kyber_HW\component\polarfire_syn_comps.v (2023-12-12 21:31:56, 2024-01-06 16:15:49) <-- (module definition)
64       work.TX_PLL.verilog may have changed because the following files changed:
                        E:\MPFS_Projects\Kyber_HW\component\polarfire_syn_comps.v (2023-12-12 21:31:56, 2024-01-06 16:15:49) <-- (module definition)
65       work.UPROM.verilog may have changed because the following files changed:
                        E:\MPFS_Projects\Kyber_HW\component\polarfire_syn_comps.v (2023-12-12 21:31:56, 2024-01-06 16:15:49) <-- (module definition)
66       work.USPI.verilog may have changed because the following files changed:
                        E:\MPFS_Projects\Kyber_HW\component\polarfire_syn_comps.v (2023-12-12 21:31:56, 2024-01-06 16:15:49) <-- (module definition)
67       work.VOLTAGEDETECT.verilog may have changed because the following files changed:
                        E:\MPFS_Projects\Kyber_HW\component\polarfire_syn_comps.v (2023-12-12 21:31:56, 2024-01-06 16:15:49) <-- (module definition)
68       work.VREFBANKDYN.verilog may have changed because the following files changed:
                        E:\MPFS_Projects\Kyber_HW\component\polarfire_syn_comps.v (2023-12-12 21:31:56, 2024-01-06 16:15:49) <-- (module definition)
69       work.VREFCTRL.verilog may have changed because the following files changed:
                        E:\MPFS_Projects\Kyber_HW\component\polarfire_syn_comps.v (2023-12-12 21:31:56, 2024-01-06 16:15:49) <-- (module definition)
70       work.XCVR.verilog may have changed because the following files changed:
                        E:\MPFS_Projects\Kyber_HW\component\polarfire_syn_comps.v (2023-12-12 21:31:56, 2024-01-06 16:15:49) <-- (module definition)
71       work.XCVR_64B6XB.verilog may have changed because the following files changed:
                        E:\MPFS_Projects\Kyber_HW\component\polarfire_syn_comps.v (2023-12-12 21:31:56, 2024-01-06 16:15:49) <-- (module definition)
72       work.XCVR_8B10B.verilog may have changed because the following files changed:
                        E:\MPFS_Projects\Kyber_HW\component\polarfire_syn_comps.v (2023-12-12 21:31:56, 2024-01-06 16:15:49) <-- (module definition)
73       work.XCVR_APB_LINK.verilog may have changed because the following files changed:
                        E:\MPFS_Projects\Kyber_HW\component\polarfire_syn_comps.v (2023-12-12 21:31:56, 2024-01-06 16:15:49) <-- (module definition)
74       work.XCVR_APB_LINK_V.verilog may have changed because the following files changed:
                        E:\MPFS_Projects\Kyber_HW\component\polarfire_syn_comps.v (2023-12-12 21:31:56, 2024-01-06 16:15:49) <-- (module definition)
75       work.XCVR_APB_LINK_V2.verilog may have changed because the following files changed:
                        E:\MPFS_Projects\Kyber_HW\component\polarfire_syn_comps.v (2023-12-12 21:31:56, 2024-01-06 16:15:49) <-- (module definition)
76       work.XCVR_DUAL_PCS.verilog may have changed because the following files changed:
                        E:\MPFS_Projects\Kyber_HW\component\polarfire_syn_comps.v (2023-12-12 21:31:56, 2024-01-06 16:15:49) <-- (module definition)
77       work.XCVR_PIPE.verilog may have changed because the following files changed:
                        E:\MPFS_Projects\Kyber_HW\component\polarfire_syn_comps.v (2023-12-12 21:31:56, 2024-01-06 16:15:49) <-- (module definition)
78       work.XCVR_PIPE_AXI0.verilog may have changed because the following files changed:
                        E:\MPFS_Projects\Kyber_HW\component\polarfire_syn_comps.v (2023-12-12 21:31:56, 2024-01-06 16:15:49) <-- (module definition)
79       work.XCVR_PIPE_AXI1.verilog may have changed because the following files changed:
                        E:\MPFS_Projects\Kyber_HW\component\polarfire_syn_comps.v (2023-12-12 21:31:56, 2024-01-06 16:15:49) <-- (module definition)
80       work.XCVR_PMA.verilog may have changed because the following files changed:
                        E:\MPFS_Projects\Kyber_HW\component\polarfire_syn_comps.v (2023-12-12 21:31:56, 2024-01-06 16:15:49) <-- (module definition)
81       work.XCVR_REF_CLK.verilog may have changed because the following files changed:
                        E:\MPFS_Projects\Kyber_HW\component\polarfire_syn_comps.v (2023-12-12 21:31:56, 2024-01-06 16:15:49) <-- (module definition)
82       work.XCVR_REF_CLK_N.verilog may have changed because the following files changed:
                        E:\MPFS_Projects\Kyber_HW\component\polarfire_syn_comps.v (2023-12-12 21:31:56, 2024-01-06 16:15:49) <-- (module definition)
83       work.XCVR_REF_CLK_P.verilog may have changed because the following files changed:
                        E:\MPFS_Projects\Kyber_HW\component\polarfire_syn_comps.v (2023-12-12 21:31:56, 2024-01-06 16:15:49) <-- (module definition)
84       work.XCVR_TEST.verilog may have changed because the following files changed:
                        E:\MPFS_Projects\Kyber_HW\component\polarfire_syn_comps.v (2023-12-12 21:31:56, 2024-01-06 16:15:49) <-- (module definition)
85       work.XCVR_VV.verilog may have changed because the following files changed:
                        E:\MPFS_Projects\Kyber_HW\component\polarfire_syn_comps.v (2023-12-12 21:31:56, 2024-01-06 16:15:49) <-- (module definition)
86       work.add_rd.verilog may have changed because the following files changed:
                        E:\MPFS_Projects\Kyber_HW\hdl\Core_Poly.v (2023-12-07 13:58:04, 2024-01-06 16:14:15) <-- (may instantiate this module)
188      work.address_generator_inplace.verilog may have changed because the following files changed:
                        E:\MPFS_Projects\Kyber_HW\hdl\Core_Poly.v (2023-12-07 13:58:04, 2024-01-06 16:14:15) <-- (may instantiate this module)
                        E:\MPFS_Projects\Kyber_HW\hdl\address_generator.v (2023-12-07 15:41:37, 2024-01-06 16:10:06) <-- (module definition)
189      work.address_generator_shuffling.verilog may have changed because the following files changed:
                        E:\MPFS_Projects\Kyber_HW\hdl\Core_Poly.v (2023-12-07 13:58:04, 2024-01-06 16:14:15) <-- (may instantiate this module)
                        E:\MPFS_Projects\Kyber_HW\hdl\address_generator.v (2023-12-07 15:41:37, 2024-01-06 16:10:06) <-- (module definition)
88       work.arbiter.verilog may have changed because the following files changed:
                        E:\MPFS_Projects\Kyber_HW\hdl\Core_Poly.v (2023-12-07 13:58:04, 2024-01-06 16:14:15) <-- (may instantiate this module)
166      work.conflict_free_memory_map.verilog may have changed because the following files changed:
                        E:\MPFS_Projects\Kyber_HW\hdl\Core_Poly.v (2023-12-07 13:58:04, 2024-01-06 16:14:15) <-- (may instantiate this module)
167      work.delay.verilog may have changed because the following files changed:
                        E:\MPFS_Projects\Kyber_HW\hdl\Core_Poly.v (2023-12-07 13:58:04, 2024-01-06 16:14:15) <-- (may instantiate this module)
                        E:\MPFS_Projects\Kyber_HW\hdl\address_generator.v (2023-12-07 15:41:37, 2024-01-06 16:10:06) <-- (may instantiate this module)
168      work.mult_half.verilog may have changed because the following files changed:
                        E:\MPFS_Projects\Kyber_HW\hdl\Core_Poly.v (2023-12-07 13:58:04, 2024-01-06 16:14:15) <-- (may instantiate this module)
169      work.mult_rd.verilog may have changed because the following files changed:
                        E:\MPFS_Projects\Kyber_HW\hdl\Core_Poly.v (2023-12-07 13:58:04, 2024-01-06 16:14:15) <-- (may instantiate this module)
170      work.network_bank_in.verilog may have changed because the following files changed:
                        E:\MPFS_Projects\Kyber_HW\hdl\Core_Poly.v (2023-12-07 13:58:04, 2024-01-06 16:14:15) <-- (may instantiate this module)
171      work.network_bf_in.verilog may have changed because the following files changed:
                        E:\MPFS_Projects\Kyber_HW\hdl\Core_Poly.v (2023-12-07 13:58:04, 2024-01-06 16:14:15) <-- (may instantiate this module)
172      work.network_bf_out.verilog may have changed because the following files changed:
                        E:\MPFS_Projects\Kyber_HW\hdl\Core_Poly.v (2023-12-07 13:58:04, 2024-01-06 16:14:15) <-- (may instantiate this module)
173      work.poly_bank.verilog may have changed because the following files changed:
                        E:\MPFS_Projects\Kyber_HW\hdl\Core_Poly.v (2023-12-07 13:58:04, 2024-01-06 16:14:15) <-- (may instantiate this module)
174      work.poly_mul.verilog may have changed because the following files changed:
                        E:\MPFS_Projects\Kyber_HW\hdl\Core_Poly.v (2023-12-07 13:58:04, 2024-01-06 16:14:15) <-- (may instantiate this module)
175      work.poly_ram.verilog may have changed because the following files changed:
                        E:\MPFS_Projects\Kyber_HW\hdl\Core_Poly.v (2023-12-07 13:58:04, 2024-01-06 16:14:15) <-- (may instantiate this module)
176      work.polyvec_ram.verilog may have changed because the following files changed:
                        E:\MPFS_Projects\Kyber_HW\hdl\Core_Poly.v (2023-12-07 13:58:04, 2024-01-06 16:14:15) <-- (may instantiate this module)
187      work.shuffle_rom.verilog may have changed because the following files changed:
                        E:\MPFS_Projects\Kyber_HW\hdl\Core_Poly.v (2023-12-07 13:58:04, 2024-01-06 16:14:15) <-- (may instantiate this module)
                        E:\MPFS_Projects\Kyber_HW\hdl\address_generator.v (2023-12-07 15:41:37, 2024-01-06 16:10:06) <-- (may instantiate this module)
177      work.sub_rd.verilog may have changed because the following files changed:
                        E:\MPFS_Projects\Kyber_HW\hdl\Core_Poly.v (2023-12-07 13:58:04, 2024-01-06 16:14:15) <-- (may instantiate this module)
178      work.tf0_ROM.verilog may have changed because the following files changed:
                        E:\MPFS_Projects\Kyber_HW\hdl\Core_Poly.v (2023-12-07 13:58:04, 2024-01-06 16:14:15) <-- (may instantiate this module)
179      work.tf1_ROM.verilog may have changed because the following files changed:
                        E:\MPFS_Projects\Kyber_HW\hdl\Core_Poly.v (2023-12-07 13:58:04, 2024-01-06 16:14:15) <-- (may instantiate this module)

*******************************************************************
Unmodified files: 109
FID:  path (timestamp)
0        D:\Microchip\Libero_SoC_v2022.2\SynplifyPro\lib\generic\acg5.v (2022-06-23 20:48:46)
1        D:\Microchip\Libero_SoC_v2022.2\SynplifyPro\lib\vlog\hypermods.v (2022-06-23 20:48:48)
2        D:\Microchip\Libero_SoC_v2022.2\SynplifyPro\lib\vlog\scemi_objects.v (2022-06-23 20:48:48)
3        D:\Microchip\Libero_SoC_v2022.2\SynplifyPro\lib\vlog\scemi_pipes.svh (2022-06-23 20:48:48)
4        D:\Microchip\Libero_SoC_v2022.2\SynplifyPro\lib\vlog\umr_capim.v (2022-06-23 20:48:48)
5        E:\MPFS_Projects\Kyber_HW\component\Actel\DirectCore\COREAXI4INTERCONNECT\2.8.103\rtl\vlog\core\Axi4Convertors\AHBL_Ctrl.v (2022-11-21 18:17:48)
6        E:\MPFS_Projects\Kyber_HW\component\Actel\DirectCore\COREAXI4INTERCONNECT\2.8.103\rtl\vlog\core\Axi4Convertors\AHB_SM.v (2022-11-21 18:17:48)
7        E:\MPFS_Projects\Kyber_HW\component\Actel\DirectCore\COREAXI4INTERCONNECT\2.8.103\rtl\vlog\core\Axi4Convertors\AXI4_Read_Ctrl.v (2022-11-21 18:17:48)
8        E:\MPFS_Projects\Kyber_HW\component\Actel\DirectCore\COREAXI4INTERCONNECT\2.8.103\rtl\vlog\core\Axi4Convertors\AXI4_Write_Ctrl.v (2022-11-21 18:17:48)
9        E:\MPFS_Projects\Kyber_HW\component\Actel\DirectCore\COREAXI4INTERCONNECT\2.8.103\rtl\vlog\core\Axi4Convertors\Bin2Gray.v (2022-11-21 18:17:48)
10       E:\MPFS_Projects\Kyber_HW\component\Actel\DirectCore\COREAXI4INTERCONNECT\2.8.103\rtl\vlog\core\Axi4Convertors\CDC_FIFO.v (2022-11-21 18:17:48)
11       E:\MPFS_Projects\Kyber_HW\component\Actel\DirectCore\COREAXI4INTERCONNECT\2.8.103\rtl\vlog\core\Axi4Convertors\CDC_grayCodeCounter.v (2022-11-21 18:17:48)
12       E:\MPFS_Projects\Kyber_HW\component\Actel\DirectCore\COREAXI4INTERCONNECT\2.8.103\rtl\vlog\core\Axi4Convertors\CDC_rdCtrl.v (2022-11-21 18:17:48)
13       E:\MPFS_Projects\Kyber_HW\component\Actel\DirectCore\COREAXI4INTERCONNECT\2.8.103\rtl\vlog\core\Axi4Convertors\CDC_wrCtrl.v (2022-11-21 18:17:48)
14       E:\MPFS_Projects\Kyber_HW\component\Actel\DirectCore\COREAXI4INTERCONNECT\2.8.103\rtl\vlog\core\Axi4Convertors\DWC_DownConv_CmdFifoWriteCtrl.v (2022-11-21 18:17:48)
15       E:\MPFS_Projects\Kyber_HW\component\Actel\DirectCore\COREAXI4INTERCONNECT\2.8.103\rtl\vlog\core\Axi4Convertors\DWC_DownConv_Hold_Reg_Rd.v (2022-11-21 18:17:48)
16       E:\MPFS_Projects\Kyber_HW\component\Actel\DirectCore\COREAXI4INTERCONNECT\2.8.103\rtl\vlog\core\Axi4Convertors\DWC_DownConv_Hold_Reg_Wr.v (2022-11-21 18:17:48)
17       E:\MPFS_Projects\Kyber_HW\component\Actel\DirectCore\COREAXI4INTERCONNECT\2.8.103\rtl\vlog\core\Axi4Convertors\DWC_DownConv_preCalcCmdFifoWrCtrl.v (2022-11-21 18:17:48)
18       E:\MPFS_Projects\Kyber_HW\component\Actel\DirectCore\COREAXI4INTERCONNECT\2.8.103\rtl\vlog\core\Axi4Convertors\DWC_DownConv_readWidthConv.v (2022-11-21 18:17:48)
19       E:\MPFS_Projects\Kyber_HW\component\Actel\DirectCore\COREAXI4INTERCONNECT\2.8.103\rtl\vlog\core\Axi4Convertors\DWC_DownConv_widthConvrd.v (2022-11-21 18:17:48)
20       E:\MPFS_Projects\Kyber_HW\component\Actel\DirectCore\COREAXI4INTERCONNECT\2.8.103\rtl\vlog\core\Axi4Convertors\DWC_DownConv_widthConvwr.v (2022-11-21 18:17:48)
21       E:\MPFS_Projects\Kyber_HW\component\Actel\DirectCore\COREAXI4INTERCONNECT\2.8.103\rtl\vlog\core\Axi4Convertors\DWC_DownConv_writeWidthConv.v (2022-11-21 18:17:48)
22       E:\MPFS_Projects\Kyber_HW\component\Actel\DirectCore\COREAXI4INTERCONNECT\2.8.103\rtl\vlog\core\Axi4Convertors\DWC_UpConv_AChannel.v (2022-11-21 18:17:48)
23       E:\MPFS_Projects\Kyber_HW\component\Actel\DirectCore\COREAXI4INTERCONNECT\2.8.103\rtl\vlog\core\Axi4Convertors\DWC_UpConv_BChannel.v (2022-11-21 18:17:48)
24       E:\MPFS_Projects\Kyber_HW\component\Actel\DirectCore\COREAXI4INTERCONNECT\2.8.103\rtl\vlog\core\Axi4Convertors\DWC_UpConv_RChan_Ctrl.v (2022-11-21 18:17:48)
25       E:\MPFS_Projects\Kyber_HW\component\Actel\DirectCore\COREAXI4INTERCONNECT\2.8.103\rtl\vlog\core\Axi4Convertors\DWC_UpConv_RChannel.v (2022-11-21 18:17:48)
26       E:\MPFS_Projects\Kyber_HW\component\Actel\DirectCore\COREAXI4INTERCONNECT\2.8.103\rtl\vlog\core\Axi4Convertors\DWC_UpConv_RChannel_SlvRid_Arb.v (2022-11-21 18:17:48)
27       E:\MPFS_Projects\Kyber_HW\component\Actel\DirectCore\COREAXI4INTERCONNECT\2.8.103\rtl\vlog\core\Axi4Convertors\DWC_UpConv_WChan_Hold_Reg.v (2022-11-21 18:17:48)
28       E:\MPFS_Projects\Kyber_HW\component\Actel\DirectCore\COREAXI4INTERCONNECT\2.8.103\rtl\vlog\core\Axi4Convertors\DWC_UpConv_WChan_ReadDataFifoCtrl.v (2022-11-21 18:17:48)
29       E:\MPFS_Projects\Kyber_HW\component\Actel\DirectCore\COREAXI4INTERCONNECT\2.8.103\rtl\vlog\core\Axi4Convertors\DWC_UpConv_WChannel.v (2022-11-21 18:17:48)
30       E:\MPFS_Projects\Kyber_HW\component\Actel\DirectCore\COREAXI4INTERCONNECT\2.8.103\rtl\vlog\core\Axi4Convertors\DWC_UpConv_Wchan_WriteDataFifoCtrl.v (2022-11-21 18:17:48)
31       E:\MPFS_Projects\Kyber_HW\component\Actel\DirectCore\COREAXI4INTERCONNECT\2.8.103\rtl\vlog\core\Axi4Convertors\DWC_UpConv_preCalcAChannel.v (2022-11-21 18:17:48)
32       E:\MPFS_Projects\Kyber_HW\component\Actel\DirectCore\COREAXI4INTERCONNECT\2.8.103\rtl\vlog\core\Axi4Convertors\DWC_UpConv_preCalcRChan_Ctrl.v (2022-11-21 18:17:48)
33       E:\MPFS_Projects\Kyber_HW\component\Actel\DirectCore\COREAXI4INTERCONNECT\2.8.103\rtl\vlog\core\Axi4Convertors\DWC_brespCtrl.v (2022-11-21 18:17:48)
34       E:\MPFS_Projects\Kyber_HW\component\Actel\DirectCore\COREAXI4INTERCONNECT\2.8.103\rtl\vlog\core\Axi4Convertors\DownConverter.v (2022-11-21 18:17:48)
35       E:\MPFS_Projects\Kyber_HW\component\Actel\DirectCore\COREAXI4INTERCONNECT\2.8.103\rtl\vlog\core\Axi4Convertors\FIFO.v (2022-11-21 18:17:48)
36       E:\MPFS_Projects\Kyber_HW\component\Actel\DirectCore\COREAXI4INTERCONNECT\2.8.103\rtl\vlog\core\Axi4Convertors\FIFO_CTRL.v (2022-11-21 18:17:48)
37       E:\MPFS_Projects\Kyber_HW\component\Actel\DirectCore\COREAXI4INTERCONNECT\2.8.103\rtl\vlog\core\Axi4Convertors\FIFO_downsizing.v (2022-11-21 18:17:48)
38       E:\MPFS_Projects\Kyber_HW\component\Actel\DirectCore\COREAXI4INTERCONNECT\2.8.103\rtl\vlog\core\Axi4Convertors\FIFO_upsizing.v (2022-11-21 18:17:48)
39       E:\MPFS_Projects\Kyber_HW\component\Actel\DirectCore\COREAXI4INTERCONNECT\2.8.103\rtl\vlog\core\Axi4Convertors\Hold_Reg_Ctrl.v (2022-11-21 18:17:48)
40       E:\MPFS_Projects\Kyber_HW\component\Actel\DirectCore\COREAXI4INTERCONNECT\2.8.103\rtl\vlog\core\Axi4Convertors\MasterConvertor.v (2022-11-21 18:17:48)
41       E:\MPFS_Projects\Kyber_HW\component\Actel\DirectCore\COREAXI4INTERCONNECT\2.8.103\rtl\vlog\core\Axi4Convertors\MstrAHBtoAXI4Converter.v (2022-11-21 18:17:48)
42       E:\MPFS_Projects\Kyber_HW\component\Actel\DirectCore\COREAXI4INTERCONNECT\2.8.103\rtl\vlog\core\Axi4Convertors\MstrClockDomainCrossing.v (2022-11-21 18:17:48)
43       E:\MPFS_Projects\Kyber_HW\component\Actel\DirectCore\COREAXI4INTERCONNECT\2.8.103\rtl\vlog\core\Axi4Convertors\MstrDataWidthConv.v (2022-11-21 18:17:48)
44       E:\MPFS_Projects\Kyber_HW\component\Actel\DirectCore\COREAXI4INTERCONNECT\2.8.103\rtl\vlog\core\Axi4Convertors\MstrProtocolConverter.v (2022-11-21 18:17:48)
45       E:\MPFS_Projects\Kyber_HW\component\Actel\DirectCore\COREAXI4INTERCONNECT\2.8.103\rtl\vlog\core\Axi4Convertors\RAM_BLOCK.v (2022-11-21 18:17:48)
46       E:\MPFS_Projects\Kyber_HW\component\Actel\DirectCore\COREAXI4INTERCONNECT\2.8.103\rtl\vlog\core\Axi4Convertors\RegSliceFull.v (2022-11-21 18:17:48)
47       E:\MPFS_Projects\Kyber_HW\component\Actel\DirectCore\COREAXI4INTERCONNECT\2.8.103\rtl\vlog\core\Axi4Convertors\RegisterSlice.v (2022-11-21 18:17:48)
48       E:\MPFS_Projects\Kyber_HW\component\Actel\DirectCore\COREAXI4INTERCONNECT\2.8.103\rtl\vlog\core\Axi4Convertors\SlaveConvertor.v (2022-11-21 18:17:48)
49       E:\MPFS_Projects\Kyber_HW\component\Actel\DirectCore\COREAXI4INTERCONNECT\2.8.103\rtl\vlog\core\Axi4Convertors\SlvAxi4ProtConvAXI4ID.v (2022-11-21 18:17:48)
50       E:\MPFS_Projects\Kyber_HW\component\Actel\DirectCore\COREAXI4INTERCONNECT\2.8.103\rtl\vlog\core\Axi4Convertors\SlvAxi4ProtConvRead.v (2022-11-21 18:17:48)
51       E:\MPFS_Projects\Kyber_HW\component\Actel\DirectCore\COREAXI4INTERCONNECT\2.8.103\rtl\vlog\core\Axi4Convertors\SlvAxi4ProtConvWrite.v (2022-11-21 18:17:48)
52       E:\MPFS_Projects\Kyber_HW\component\Actel\DirectCore\COREAXI4INTERCONNECT\2.8.103\rtl\vlog\core\Axi4Convertors\SlvAxi4ProtocolConv.v (2022-11-21 18:17:48)
53       E:\MPFS_Projects\Kyber_HW\component\Actel\DirectCore\COREAXI4INTERCONNECT\2.8.103\rtl\vlog\core\Axi4Convertors\SlvClockDomainCrossing.v (2022-11-21 18:17:48)
54       E:\MPFS_Projects\Kyber_HW\component\Actel\DirectCore\COREAXI4INTERCONNECT\2.8.103\rtl\vlog\core\Axi4Convertors\SlvDataWidthConverter.v (2022-11-21 18:17:48)
55       E:\MPFS_Projects\Kyber_HW\component\Actel\DirectCore\COREAXI4INTERCONNECT\2.8.103\rtl\vlog\core\Axi4Convertors\SlvProtocolConverter.v (2022-11-21 18:17:48)
56       E:\MPFS_Projects\Kyber_HW\component\Actel\DirectCore\COREAXI4INTERCONNECT\2.8.103\rtl\vlog\core\Axi4Convertors\UpConverter.v (2022-11-21 18:17:48)
57       E:\MPFS_Projects\Kyber_HW\component\Actel\DirectCore\COREAXI4INTERCONNECT\2.8.103\rtl\vlog\core\Axi4Convertors\byte2bit.v (2022-11-21 18:17:48)
58       E:\MPFS_Projects\Kyber_HW\component\Actel\DirectCore\COREAXI4INTERCONNECT\2.8.103\rtl\vlog\core\Axi4CrossBar\AddressController.v (2022-11-21 18:17:48)
59       E:\MPFS_Projects\Kyber_HW\component\Actel\DirectCore\COREAXI4INTERCONNECT\2.8.103\rtl\vlog\core\Axi4CrossBar\Axi4CrossBar.v (2022-11-21 18:17:48)
60       E:\MPFS_Projects\Kyber_HW\component\Actel\DirectCore\COREAXI4INTERCONNECT\2.8.103\rtl\vlog\core\Axi4CrossBar\BitScan0.v (2022-11-21 18:17:48)
61       E:\MPFS_Projects\Kyber_HW\component\Actel\DirectCore\COREAXI4INTERCONNECT\2.8.103\rtl\vlog\core\Axi4CrossBar\DERR_Slave.v (2022-11-21 18:17:48)
62       E:\MPFS_Projects\Kyber_HW\component\Actel\DirectCore\COREAXI4INTERCONNECT\2.8.103\rtl\vlog\core\Axi4CrossBar\DependenceChecker.v (2022-11-21 18:17:48)
63       E:\MPFS_Projects\Kyber_HW\component\Actel\DirectCore\COREAXI4INTERCONNECT\2.8.103\rtl\vlog\core\Axi4CrossBar\DualPort_FF_SyncWr_SyncRd.v (2022-11-21 18:17:48)
64       E:\MPFS_Projects\Kyber_HW\component\Actel\DirectCore\COREAXI4INTERCONNECT\2.8.103\rtl\vlog\core\Axi4CrossBar\DualPort_Ram_SyncWr_SyncRd.v (2022-11-21 18:17:48)
65       E:\MPFS_Projects\Kyber_HW\component\Actel\DirectCore\COREAXI4INTERCONNECT\2.8.103\rtl\vlog\core\Axi4CrossBar\FifoDualPort.v (2022-11-21 18:17:48)
66       E:\MPFS_Projects\Kyber_HW\component\Actel\DirectCore\COREAXI4INTERCONNECT\2.8.103\rtl\vlog\core\Axi4CrossBar\MasterAddressDecoder.v (2022-11-21 18:17:48)
67       E:\MPFS_Projects\Kyber_HW\component\Actel\DirectCore\COREAXI4INTERCONNECT\2.8.103\rtl\vlog\core\Axi4CrossBar\MasterControl.v (2022-11-21 18:17:48)
68       E:\MPFS_Projects\Kyber_HW\component\Actel\DirectCore\COREAXI4INTERCONNECT\2.8.103\rtl\vlog\core\Axi4CrossBar\RDataController.v (2022-11-21 18:17:48)
69       E:\MPFS_Projects\Kyber_HW\component\Actel\DirectCore\COREAXI4INTERCONNECT\2.8.103\rtl\vlog\core\Axi4CrossBar\RdFifoDualPort.v (2022-11-21 18:17:48)
70       E:\MPFS_Projects\Kyber_HW\component\Actel\DirectCore\COREAXI4INTERCONNECT\2.8.103\rtl\vlog\core\Axi4CrossBar\ReadDataController.v (2022-11-21 18:17:48)
71       E:\MPFS_Projects\Kyber_HW\component\Actel\DirectCore\COREAXI4INTERCONNECT\2.8.103\rtl\vlog\core\Axi4CrossBar\ReadDataMux.v (2022-11-21 18:17:48)
72       E:\MPFS_Projects\Kyber_HW\component\Actel\DirectCore\COREAXI4INTERCONNECT\2.8.103\rtl\vlog\core\Axi4CrossBar\RequestQual.v (2022-11-21 18:17:48)
73       E:\MPFS_Projects\Kyber_HW\component\Actel\DirectCore\COREAXI4INTERCONNECT\2.8.103\rtl\vlog\core\Axi4CrossBar\ResetSycnc.v (2022-11-21 18:17:48)
74       E:\MPFS_Projects\Kyber_HW\component\Actel\DirectCore\COREAXI4INTERCONNECT\2.8.103\rtl\vlog\core\Axi4CrossBar\RespController.v (2022-11-21 18:17:48)
75       E:\MPFS_Projects\Kyber_HW\component\Actel\DirectCore\COREAXI4INTERCONNECT\2.8.103\rtl\vlog\core\Axi4CrossBar\Revision.v (2022-11-21 18:17:48)
76       E:\MPFS_Projects\Kyber_HW\component\Actel\DirectCore\COREAXI4INTERCONNECT\2.8.103\rtl\vlog\core\Axi4CrossBar\RoundRobinArb.v (2022-11-21 18:17:48)
77       E:\MPFS_Projects\Kyber_HW\component\Actel\DirectCore\COREAXI4INTERCONNECT\2.8.103\rtl\vlog\core\Axi4CrossBar\SlaveDataMuxController.v (2022-11-21 18:17:48)
78       E:\MPFS_Projects\Kyber_HW\component\Actel\DirectCore\COREAXI4INTERCONNECT\2.8.103\rtl\vlog\core\Axi4CrossBar\TargetMuxController.v (2022-11-21 18:17:48)
79       E:\MPFS_Projects\Kyber_HW\component\Actel\DirectCore\COREAXI4INTERCONNECT\2.8.103\rtl\vlog\core\Axi4CrossBar\TransactionController.v (2022-11-21 18:17:48)
80       E:\MPFS_Projects\Kyber_HW\component\Actel\DirectCore\COREAXI4INTERCONNECT\2.8.103\rtl\vlog\core\Axi4CrossBar\WDataController.v (2022-11-21 18:17:48)
81       E:\MPFS_Projects\Kyber_HW\component\Actel\DirectCore\COREAXI4INTERCONNECT\2.8.103\rtl\vlog\core\Axi4CrossBar\WriteDataMux.v (2022-11-21 18:17:48)
82       E:\MPFS_Projects\Kyber_HW\component\Actel\DirectCore\COREAXI4INTERCONNECT\2.8.103\rtl\vlog\core\CoreAxi4Interconnect.v (2022-11-21 18:17:48)
84       E:\MPFS_Projects\Kyber_HW\component\work\CLOCKS_AND_RESETS\CLOCKS_AND_RESETS.v (2023-11-26 16:30:28)
85       E:\MPFS_Projects\Kyber_HW\component\work\CORERESET\CORERESET.v (2023-07-01 18:22:40)
86       E:\MPFS_Projects\Kyber_HW\component\work\CORERESET\CORERESET_0\core\corereset_pf.v (2023-07-01 18:22:39)
87       E:\MPFS_Projects\Kyber_HW\component\work\FIC0_INITIATOR\FIC0_INITIATOR.v (2023-03-28 21:07:37)
88       E:\MPFS_Projects\Kyber_HW\component\work\FIC_0_PERIPHERALS\FIC_0_PERIPHERALS.v (2023-04-11 09:22:41)
89       E:\MPFS_Projects\Kyber_HW\component\work\ICICLE_MSS\ICICLE_MSS.v (2023-02-27 20:37:50)
90       E:\MPFS_Projects\Kyber_HW\component\work\ICICLE_MSS\MSS_NOBYP_NOBYP_NOBYP_BYP_BYP_syn_comps.v (2023-02-27 20:37:50)
91       E:\MPFS_Projects\Kyber_HW\component\work\INIT_MONITOR\INIT_MONITOR.v (2022-12-12 18:35:16)
92       E:\MPFS_Projects\Kyber_HW\component\work\INIT_MONITOR\INIT_MONITOR_0\INIT_MONITOR_INIT_MONITOR_0_PFSOC_INIT_MONITOR.v (2022-12-12 18:35:16)
93       E:\MPFS_Projects\Kyber_HW\component\work\MPFS_ICICLE_KIT_BASE_DESIGN\MPFS_ICICLE_KIT_BASE_DESIGN.v (2023-11-26 17:03:15)
94       E:\MPFS_Projects\Kyber_HW\component\work\MSS_WRAPPER\MSS_WRAPPER.v (2023-11-26 17:03:04)
95       E:\MPFS_Projects\Kyber_HW\component\work\PF_CCC_C0\PF_CCC_C0.v (2023-11-26 17:36:17)
96       E:\MPFS_Projects\Kyber_HW\component\work\PF_CCC_C0\PF_CCC_C0_0\PF_CCC_C0_PF_CCC_C0_0_PF_CCC.v (2023-11-26 17:36:17)
99       E:\MPFS_Projects\Kyber_HW\hdl\arbiter.v (2023-03-02 14:52:38)
100      E:\MPFS_Projects\Kyber_HW\hdl\conflict_free_memory_map.v (2023-06-25 18:51:36)
101      E:\MPFS_Projects\Kyber_HW\hdl\delay.v (2023-03-02 18:43:04)
102      E:\MPFS_Projects\Kyber_HW\hdl\fp_modop.v (2023-08-08 16:38:33)
103      E:\MPFS_Projects\Kyber_HW\hdl\network_bank_in.v (2023-03-02 18:25:20)
104      E:\MPFS_Projects\Kyber_HW\hdl\network_bf_in.v (2023-03-02 18:37:50)
105      E:\MPFS_Projects\Kyber_HW\hdl\network_bf_out.v (2023-07-10 10:50:09)
106      E:\MPFS_Projects\Kyber_HW\hdl\poly_bank.v (2023-07-04 19:54:57)
107      E:\MPFS_Projects\Kyber_HW\hdl\poly_mul.v (2023-07-10 20:39:06)
108      E:\MPFS_Projects\Kyber_HW\hdl\poly_ram.v (2023-07-10 10:46:17)
109      E:\MPFS_Projects\Kyber_HW\hdl\polyvec_ram.v (2023-07-04 19:55:26)
111      E:\MPFS_Projects\Kyber_HW\hdl\shuffle_rom.v (2023-12-12 21:31:21)
110      E:\MPFS_Projects\Kyber_HW\hdl\tf_ROM.v (2023-07-04 20:24:53)

*******************************************************************
Unchanged modules: 91
MID:  lib.cell.view
8        work.CLOCKS_AND_RESETS.verilog
9        work.COREAXI4INTERCONNECT.verilog
11       work.CORERESET.verilog
12       work.CORERESET_CORERESET_0_CORERESET_PF.verilog
22       work.FIC0_INITIATOR.verilog
23       work.FIC_0_PERIPHERALS.verilog
36       work.ICICLE_MSS.verilog
38       work.INIT_MONITOR.verilog
39       work.INIT_MONITOR_INIT_MONITOR_0_PFSOC_INIT_MONITOR.verilog
43       work.MPFS_ICICLE_KIT_BASE_DESIGN.verilog
44       work.MSS.verilog
45       work.MSS_WRAPPER.verilog
52       work.PF_CCC_C0.verilog
53       work.PF_CCC_C0_PF_CCC_C0_0_PF_CCC.verilog
89       work.caxi4interconnect_AHBL_Ctrl.verilog
90       work.caxi4interconnect_AHB_SM.verilog
91       work.caxi4interconnect_AXI4_Read_Ctrl.verilog
92       work.caxi4interconnect_AXI4_Write_Ctrl.verilog
93       work.caxi4interconnect_AddressController.verilog
94       work.caxi4interconnect_Axi4CrossBar.verilog
95       work.caxi4interconnect_Bin2Gray.verilog
96       work.caxi4interconnect_BitScan0.verilog
97       work.caxi4interconnect_CDC_FIFO.verilog
98       work.caxi4interconnect_CDC_grayCodeCounter.verilog
99       work.caxi4interconnect_CDC_rdCtrl.verilog
100      work.caxi4interconnect_CDC_wrCtrl.verilog
101      work.caxi4interconnect_DERR_Slave.verilog
102      work.caxi4interconnect_DWC_DownConv_CmdFifoWriteCtrl.verilog
103      work.caxi4interconnect_DWC_DownConv_Hold_Reg_Rd.verilog
104      work.caxi4interconnect_DWC_DownConv_Hold_Reg_Wr.verilog
105      work.caxi4interconnect_DWC_DownConv_preCalcCmdFifoWrCtrl.verilog
106      work.caxi4interconnect_DWC_DownConv_readWidthConv.verilog
107      work.caxi4interconnect_DWC_DownConv_widthConvrd.verilog
108      work.caxi4interconnect_DWC_DownConv_widthConvwr.verilog
109      work.caxi4interconnect_DWC_DownConv_writeWidthConv.verilog
110      work.caxi4interconnect_DWC_RChannel_SlvRid_Arb.verilog
111      work.caxi4interconnect_DWC_UpConv_AChannel.verilog
112      work.caxi4interconnect_DWC_UpConv_BChannel.verilog
113      work.caxi4interconnect_DWC_UpConv_RChan_Ctrl.verilog
114      work.caxi4interconnect_DWC_UpConv_RChannel.verilog
115      work.caxi4interconnect_DWC_UpConv_WChan_Hold_Reg.verilog
116      work.caxi4interconnect_DWC_UpConv_WChan_ReadDataFifoCtrl.verilog
117      work.caxi4interconnect_DWC_UpConv_WChannel.verilog
118      work.caxi4interconnect_DWC_UpConv_Wchan_WriteDataFifoCtrl.verilog
119      work.caxi4interconnect_DWC_UpConv_preCalcAChannel.verilog
120      work.caxi4interconnect_DWC_UpConv_preCalcRChan_Ctrl.verilog
121      work.caxi4interconnect_DWC_brespCtrl.verilog
122      work.caxi4interconnect_DependenceChecker.verilog
123      work.caxi4interconnect_DownConverter.verilog
124      work.caxi4interconnect_DualPort_FF_SyncWr_SyncRd.verilog
125      work.caxi4interconnect_DualPort_RAM_SyncWr_SyncRd.verilog
126      work.caxi4interconnect_FIFO.verilog
127      work.caxi4interconnect_FIFO_CTRL.verilog
128      work.caxi4interconnect_FIFO_downsizing.verilog
129      work.caxi4interconnect_FIFO_upsizing.verilog
130      work.caxi4interconnect_FifoDualPort.verilog
131      work.caxi4interconnect_Hold_Reg_Ctrl.verilog
132      work.caxi4interconnect_MasterAddressDecoder.verilog
133      work.caxi4interconnect_MasterControl.verilog
134      work.caxi4interconnect_MasterConvertor.verilog
135      work.caxi4interconnect_MstrAHBtoAXI4Converter.verilog
136      work.caxi4interconnect_MstrClockDomainCrossing.verilog
137      work.caxi4interconnect_MstrDataWidthConv.verilog
138      work.caxi4interconnect_MstrProtocolConverter.verilog
139      work.caxi4interconnect_RAM_BLOCK.verilog
140      work.caxi4interconnect_RDataController.verilog
141      work.caxi4interconnect_RdFifoDualPort.verilog
142      work.caxi4interconnect_ReadDataController.verilog
143      work.caxi4interconnect_ReadDataMux.verilog
144      work.caxi4interconnect_RegSliceFull.verilog
145      work.caxi4interconnect_RegisterSlice.verilog
146      work.caxi4interconnect_RequestQual.verilog
147      work.caxi4interconnect_ResetSycnc.verilog
148      work.caxi4interconnect_RespController.verilog
149      work.caxi4interconnect_RoundRobinArb.verilog
150      work.caxi4interconnect_SlaveConvertor.verilog
151      work.caxi4interconnect_SlaveDataMuxController.verilog
152      work.caxi4interconnect_SlvAxi4ProtConvAXI4ID.verilog
153      work.caxi4interconnect_SlvAxi4ProtConvRead.verilog
154      work.caxi4interconnect_SlvAxi4ProtConvWrite.verilog
155      work.caxi4interconnect_SlvAxi4ProtocolConv.verilog
156      work.caxi4interconnect_SlvClockDomainCrossing.verilog
157      work.caxi4interconnect_SlvDataWidthConverter.verilog
158      work.caxi4interconnect_SlvProtocolConverter.verilog
159      work.caxi4interconnect_TargetMuxController.verilog
160      work.caxi4interconnect_TransactionController.verilog
161      work.caxi4interconnect_UpConverter.verilog
162      work.caxi4interconnect_WDataController.verilog
163      work.caxi4interconnect_WriteDataMux.verilog
164      work.caxi4interconnect_byte2bit.verilog
165      work.caxi4interconnect_revision.verilog
