Resource Usage Report for MPFS_ICICLE_KIT_BASE_DESIGN 

Mapping to part: mpfs250tfcg1152std
Cell usage:
AND2            1 use
AND4            1 use
CLKINT          6 uses
INIT            1 use
INV             4 uses
MSS             1 use
OR2             3 uses
PLL             1 use
CFG1           27 uses
CFG2           823 uses
CFG3           2456 uses
CFG4           3158 uses

Carry cells:
ARI1            1046 uses - used for arithmetic functions
ARI1            624 uses - used for Wide-Mux implementation
Total ARI1      1670 uses


Sequential Cells: 
SLE            3273 uses
SLE_INIT       12 uses - used for Seqshift to URAM mapping
Total SLE          3285 uses

DSP Blocks:    4 of 784 (0%)
 MACC_PA:         4 Mults

I/O ports: 158
I/O primitives: 148
BIBUF          71 uses
BIBUF_DIFF     4 uses
INBUF          19 uses
INBUF_DIFF     3 uses
OUTBUF         48 uses
OUTBUF_DIFF    3 uses


Global Clock Buffers: 6

Total LUTs:    8134

Extra resources required for RAM and MACC_PA interface logic during P&R:

RAM64X12 Interface Logic : SLEs = 540; LUTs = 540;
RAM1K20  Interface Logic : SLEs = 0; LUTs = 0;
MACC_PA     Interface Logic : SLEs = 144; LUTs = 144;
MACC_PA_BC_ROM     Interface Logic : SLEs = 0; LUTs = 0;

Total number of SLEs after P&R:  3285 + 540 + 0 + 144 = 3969;
Total number of LUTs after P&R:  8134 + 540 + 0 + 144 = 8818;

