********************************************************************
Delay Instance Report - Date: Sat Jan  6 16:22:24 2024
Product: Designer
Release: v2022.2
Version: 2022.2.0.10
Design Name: MPFS_ICICLE_KIT_BASE_DESIGN
Family: PolarFireSoC
Die: MPFS250T_ES
Package: FCVG484
********************************************************************

Microchip Technology Inc. - Microchip Libero Software Release v2022.2 (Version 2022.2.0.10)


+-----------+---------------------------------------------------------------------+-------------+-------------+-----------------+-----------+
| Type      | Instance Name                                                       | Param Name  | Delay Value | PDC Option Name | Editable? |
+-----------+---------------------------------------------------------------------+-------------+-------------+-----------------+-----------+
| PLL_DELAY | CLOCKS_AND_RESETS_inst_0/CCC_FIC_x_CLK/PF_CCC_C0_0/pll_inst_0_DELAY | CDELAY0_SEL | 0           | DELAY           | No        |
+-----------+---------------------------------------------------------------------+-------------+-------------+-----------------+-----------+

